<?xml version="1.0" encoding="utf-8"?>
<TestRun id="847c50b1-c10f-4eb7-be26-d20daca5d77c" name="anaki@ROLEPLAY-GAMER 2026-09-13 11:44:49" runUser="ROLEPLAY-GAMER\anaki" xmlns="http://microsoft.com/schemas/VisualStudio/TeamTest/2010">
  <Times creation="2026-09-13T11:44:49.8014730+02:00" queuing="2026-09-13T11:44:49.8014734+02:00" start="2026-09-13T11:44:48.9770848+02:00" finish="2026-09-13T11:45:03.2197995+02:00" />
  <TestSettings name="default" id="2e31c2b6-c0a6-4e0f-80cd-f26ce1b8db39">
    <Deployment runDeploymentRoot="anaki_ROLEPLAY-GAMER_2026-09-13_11_44_49" />
  </TestSettings>
  <Results>
    <UnitTestResult executionId="f7ffbe5f-e996-4ab2-98bf-cec3ee4d25bc" testId="b7a97231-0e64-89cd-592e-f4c34877a598" testName="TheEnd.Tests.Renderer.SpriteSealedShaftDecorCacheTests.UnavailableModelsNeverBakeAndFailedNewSourcesNeverExposeAnOldBatch" computerName="ROLEPLAY-GAMER" duration="00:00:00.0019991" startTime="2026-09-13T11:45:03.1087123+02:00" endTime="2026-09-13T11:45:03.1087125+02:00" testType="13cdc9d9-ddb5-4fa4-a97d-d965ccfc6d4b" outcome="Passed" testListId="8c84fa94-04c1-424b-9868-57a2d4851a1d" relativeResultsDirectory="f7ffbe5f-e996-4ab2-98bf-cec3ee4d25bc" />
    <UnitTestResult executionId="d7e46849-d5c4-4bc9-a9bd-24754f8f805d" testId="43c5633c-8ece-25b8-a6c7-661891faa35b" testName="TheEnd.Tests.Renderer.SpriteSealedShaftPresentationTests.AFeatureOnAnyCellRestoresTheWholeExistingAppearanceEvenWithoutAStampChange(dx: 2, dy: 0)" computerName="ROLEPLAY-GAMER" duration="00:00:00.0000578" startTime="2026-09-13T11:45:03.1328070+02:00" endTime="2026-09-13T11:45:03.1328070+02:00" testType="13cdc9d9-ddb5-4fa4-a97d-d965ccfc6d4b" outcome="Passed" testListId="8c84fa94-04c1-424b-9868-57a2d4851a1d" relativeResultsDirectory="d7e46849-d5c4-4bc9-a9bd-24754f8f805d" />
    <UnitTestResult executionId="460de6ee-1726-4142-9266-9a7ba79d9818" testId="42037e2c-14a7-69fd-0cf7-6a899ff8fbe5" testName="TheEnd.Tests.Renderer.SpriteSealedShaftPresentationTests.UnsupportedShaftSizesKeepTheirExistingArchitecture(side: 4)" computerName="ROLEPLAY-GAMER" duration="00:00:00.0015592" startTime="2026-09-13T11:45:03.1339530+02:00" endTime="2026-09-13T11:45:03.1339532+02:00" testType="13cdc9d9-ddb5-4fa4-a97d-d965ccfc6d4b" outcome="Passed" testListId="8c84fa94-04c1-424b-9868-57a2d4851a1d" relativeResultsDirectory="460de6ee-1726-4142-9266-9a7ba79d9818" />
    <UnitTestResult executionId="e6dd9f77-874c-4c32-871b-a9d1b014d5a0" testId="6ba60838-6738-4290-b622-9773ee4c215b" testName="TheEnd.Tests.Renderer.WallRunBodyTrimSkinTests.TicksUseTheNormalTrimCellSizeAndDetailBudget(cellSize: 14, width: 16, height: 16, expected: True)" computerName="ROLEPLAY-GAMER" duration="00:00:00.0007205" startTime="2026-09-13T11:44:49.7665307+02:00" endTime="2026-09-13T11:44:49.7665308+02:00" testType="13cdc9d9-ddb5-4fa4-a97d-d965ccfc6d4b" outcome="Passed" testListId="8c84fa94-04c1-424b-9868-57a2d4851a1d" relativeResultsDirectory="e6dd9f77-874c-4c32-871b-a9d1b014d5a0" />
    <UnitTestResult executionId="5e34346d-3c51-4c69-8530-394844e345d5" testId="4d72aeec-7af3-c25a-e736-22a377331768" testName="TheEnd.Tests.Renderer.SpriteSealedShaftPresentationTests.DamagedOrOpenArchitectureCannotRemainCoveredByTheIntactCap(mutation: &quot;missing-wall&quot;)" computerName="ROLEPLAY-GAMER" duration="00:00:00.0002068" startTime="2026-09-13T11:45:03.1390111+02:00" endTime="2026-09-13T11:45:03.1390111+02:00" testType="13cdc9d9-ddb5-4fa4-a97d-d965ccfc6d4b" outcome="Passed" testListId="8c84fa94-04c1-424b-9868-57a2d4851a1d" relativeResultsDirectory="5e34346d-3c51-4c69-8530-394844e345d5" />
    <UnitTestResult executionId="0de36a73-0227-48f0-b711-13163277e614" testId="759a72d4-26a2-ddad-34ec-33f8450b7457" testName="TheEnd.Tests.Renderer.WallRunBodyTrimSkinTests.DiagonalAndCorner_KeepOneContinuousMiteredBodyWithoutAStaircase" computerName="ROLEPLAY-GAMER" duration="00:00:00.0053292" startTime="2026-09-13T11:44:49.7808493+02:00" endTime="2026-09-13T11:44:49.7808493+02:00" testType="13cdc9d9-ddb5-4fa4-a97d-d965ccfc6d4b" outcome="Passed" testListId="8c84fa94-04c1-424b-9868-57a2d4851a1d" relativeResultsDirectory="0de36a73-0227-48f0-b711-13163277e614" />
    <UnitTestResult executionId="a67c8f44-aa45-4db8-ae35-61c340a16d63" testId="9b78a859-da4c-8fac-ebda-44babb5fcedd" testName="TheEnd.Tests.Renderer.SpriteSealedShaftPresentationTests.AFeatureOnAnyCellRestoresTheWholeExistingAppearanceEvenWithoutAStampChange(dx: 1, dy: 0)" computerName="ROLEPLAY-GAMER" duration="00:00:00.0000623" startTime="2026-09-13T11:45:03.1327095+02:00" endTime="2026-09-13T11:45:03.1327103+02:00" testType="13cdc9d9-ddb5-4fa4-a97d-d965ccfc6d4b" outcome="Passed" testListId="8c84fa94-04c1-424b-9868-57a2d4851a1d" relativeResultsDirectory="a67c8f44-aa45-4db8-ae35-61c340a16d63" />
    <UnitTestResult executionId="c334632b-e4b9-461f-afa3-292efc6780ba" testId="40796f88-ff8a-4765-4619-068497b674a2" testName="TheEnd.Tests.Renderer.SpriteSealedShaftPresentationTests.DamagedOrOpenArchitectureCannotRemainCoveredByTheIntactCap(mutation: &quot;door&quot;)" computerName="ROLEPLAY-GAMER" duration="00:00:00.0002056" startTime="2026-09-13T11:45:03.1389633+02:00" endTime="2026-09-13T11:45:03.1389634+02:00" testType="13cdc9d9-ddb5-4fa4-a97d-d965ccfc6d4b" outcome="Passed" testListId="8c84fa94-04c1-424b-9868-57a2d4851a1d" relativeResultsDirectory="c334632b-e4b9-461f-afa3-292efc6780ba" />
    <UnitTestResult executionId="5bd51d5d-3098-4680-92b1-e1f3d7c7c2aa" testId="8d1745fc-4644-9b9d-a6d8-3dfb2e8b8d75" testName="TheEnd.Tests.Renderer.SpriteSealedShaftDecorCacheTests.OnlyTheExactSquareRingOwnedByThePoseCanLoseItsTrim" computerName="ROLEPLAY-GAMER" duration="00:00:00.0003974" startTime="2026-09-13T11:45:03.1124357+02:00" endTime="2026-09-13T11:45:03.1124359+02:00" testType="13cdc9d9-ddb5-4fa4-a97d-d965ccfc6d4b" outcome="Passed" testListId="8c84fa94-04c1-424b-9868-57a2d4851a1d" relativeResultsDirectory="5bd51d5d-3098-4680-92b1-e1f3d7c7c2aa" />
    <UnitTestResult executionId="cd4d4725-61c7-4f43-99b6-24575aeda8ca" testId="6e0f2d8a-7b6b-e2cf-bafb-05727a5c00ba" testName="TheEnd.Tests.Renderer.SpriteSealedShaftDecorCacheTests.AuthoredCasingLosesItsBlackFieldRailAndNodesButKeepsOtherContours(cellSize: 48, fine: False)" computerName="ROLEPLAY-GAMER" duration="00:00:00.0009149" startTime="2026-09-13T11:45:03.1020083+02:00" endTime="2026-09-13T11:45:03.1020085+02:00" testType="13cdc9d9-ddb5-4fa4-a97d-d965ccfc6d4b" outcome="Passed" testListId="8c84fa94-04c1-424b-9868-57a2d4851a1d" relativeResultsDirectory="cd4d4725-61c7-4f43-99b6-24575aeda8ca" />
    <UnitTestResult executionId="5c3804c1-4285-4d5b-a5e1-9f6593541c6c" testId="660b62f7-f041-4fd0-dd56-a1be124bd70d" testName="TheEnd.Tests.Renderer.SpriteSealedShaftPresentationTests.UnsupportedShaftSizesKeepTheirExistingArchitecture(side: 2)" computerName="ROLEPLAY-GAMER" duration="00:00:00.0000858" startTime="2026-09-13T11:45:03.1345209+02:00" endTime="2026-09-13T11:45:03.1345210+02:00" testType="13cdc9d9-ddb5-4fa4-a97d-d965ccfc6d4b" outcome="Passed" testListId="8c84fa94-04c1-424b-9868-57a2d4851a1d" relativeResultsDirectory="5c3804c1-4285-4d5b-a5e1-9f6593541c6c" />
    <UnitTestResult executionId="172efb4c-41f0-44d0-83e9-88785a82c13b" testId="d5315a9d-5d0e-2997-9005-d7881ab9b99a" testName="TheEnd.Tests.Renderer.SpriteSealedShaftDecorCacheTests.SceneModelRevisionAndBudgetSelectFreshDataWithABoundedLru" computerName="ROLEPLAY-GAMER" duration="00:00:00.0039344" startTime="2026-09-13T11:45:03.1067183+02:00" endTime="2026-09-13T11:45:03.1067185+02:00" testType="13cdc9d9-ddb5-4fa4-a97d-d965ccfc6d4b" outcome="Passed" testListId="8c84fa94-04c1-424b-9868-57a2d4851a1d" relativeResultsDirectory="172efb4c-41f0-44d0-83e9-88785a82c13b" />
    <UnitTestResult executionId="b25842de-3278-4b57-bdf4-a647db3ef4a9" testId="31a40711-f53b-c8c7-dd28-500689de1779" testName="TheEnd.Tests.Renderer.SpriteSealedShaftDecorCacheTests.IdenticalFramesDoNotAllocateOrBakeAgain" computerName="ROLEPLAY-GAMER" duration="00:00:00.0029838" startTime="2026-09-13T11:45:03.1119758+02:00" endTime="2026-09-13T11:45:03.1119760+02:00" testType="13cdc9d9-ddb5-4fa4-a97d-d965ccfc6d4b" outcome="Passed" testListId="8c84fa94-04c1-424b-9868-57a2d4851a1d" relativeResultsDirectory="b25842de-3278-4b57-bdf4-a647db3ef4a9" />
    <UnitTestResult executionId="bdd89ae2-11b6-447e-b257-a0567df872d7" testId="7148c1dc-3552-f59c-a90c-bcbdbf8ab7c0" testName="TheEnd.Tests.Renderer.SpriteSealedShaftPresentationTests.AFeatureOnAnyCellRestoresTheWholeExistingAppearanceEvenWithoutAStampChange(dx: 2, dy: 2)" computerName="ROLEPLAY-GAMER" duration="00:00:00.0000756" startTime="2026-09-13T11:45:03.1326554+02:00" endTime="2026-09-13T11:45:03.1326555+02:00" testType="13cdc9d9-ddb5-4fa4-a97d-d965ccfc6d4b" outcome="Passed" testListId="8c84fa94-04c1-424b-9868-57a2d4851a1d" relativeResultsDirectory="bdd89ae2-11b6-447e-b257-a0567df872d7" />
    <UnitTestResult executionId="60d401a0-e4c1-449c-a4b1-cf521b51db79" testId="e5891f90-01ee-43fd-f0c6-56242a9d7963" testName="TheEnd.Tests.Renderer.TrimSkinTests.OnStraightWalls_EveryTickIsTheSameGlobalStroke" computerName="ROLEPLAY-GAMER" duration="00:00:00.0012354" startTime="2026-09-13T11:44:49.7608069+02:00" endTime="2026-09-13T11:44:49.7608070+02:00" testType="13cdc9d9-ddb5-4fa4-a97d-d965ccfc6d4b" outcome="Passed" testListId="8c84fa94-04c1-424b-9868-57a2d4851a1d" relativeResultsDirectory="60d401a0-e4c1-449c-a4b1-cf521b51db79" />
    <UnitTestResult executionId="856ced80-99bb-44e7-a6a5-f22e691c6b74" testId="5086859d-500f-1ee8-40e3-bb5475f0ad2c" testName="TheEnd.Tests.Renderer.SpriteSealedShaftPresentationTests.DamagedOrOpenArchitectureCannotRemainCoveredByTheIntactCap(mutation: &quot;wrong-wall-role&quot;)" computerName="ROLEPLAY-GAMER" duration="00:00:00.0001268" startTime="2026-09-13T11:45:03.1388899+02:00" endTime="2026-09-13T11:45:03.1388901+02:00" testType="13cdc9d9-ddb5-4fa4-a97d-d965ccfc6d4b" outcome="Passed" testListId="8c84fa94-04c1-424b-9868-57a2d4851a1d" relativeResultsDirectory="856ced80-99bb-44e7-a6a5-f22e691c6b74" />
    <UnitTestResult executionId="c4e375da-7e92-4606-9d21-c40a20c8305c" testId="acd16c3a-dd15-ec8e-6a8f-4bf48a0a08a8" testName="TheEnd.Tests.Renderer.SpriteSealedShaftPresentationTests.AFeatureOnAnyCellRestoresTheWholeExistingAppearanceEvenWithoutAStampChange(dx: 0, dy: 0)" computerName="ROLEPLAY-GAMER" duration="00:00:00.0000584" startTime="2026-09-13T11:45:03.1328508+02:00" endTime="2026-09-13T11:45:03.1328509+02:00" testType="13cdc9d9-ddb5-4fa4-a97d-d965ccfc6d4b" outcome="Passed" testListId="8c84fa94-04c1-424b-9868-57a2d4851a1d" relativeResultsDirectory="c4e375da-7e92-4606-9d21-c40a20c8305c" />
    <UnitTestResult executionId="06e3be37-b044-4caa-9f0c-39498a0209d8" testId="0d22cabd-b70d-7d20-b0e0-9011497ae78f" testName="TheEnd.Tests.Renderer.SpriteSealedShaftPresentationTests.CrossingUsesPhysicalDeckDepthAndTheActualClosedCasing" computerName="ROLEPLAY-GAMER" duration="00:00:00.0045779" startTime="2026-09-13T11:45:03.1450360+02:00" endTime="2026-09-13T11:45:03.1450362+02:00" testType="13cdc9d9-ddb5-4fa4-a97d-d965ccfc6d4b" outcome="Passed" testListId="8c84fa94-04c1-424b-9868-57a2d4851a1d" relativeResultsDirectory="06e3be37-b044-4caa-9f0c-39498a0209d8" />
    <UnitTestResult executionId="cec8148c-8e2a-4b38-879e-3c6bc8fdf747" testId="8b0afc8e-806e-82c5-479a-504c0a6320d7" testName="TheEnd.Tests.Renderer.SpriteSealedShaftPresentationTests.DamagedOrOpenArchitectureCannotRemainCoveredByTheIntactCap(mutation: &quot;open-centre&quot;)" computerName="ROLEPLAY-GAMER" duration="00:00:00.0001033" startTime="2026-09-13T11:45:03.1390550+02:00" endTime="2026-09-13T11:45:03.1390551+02:00" testType="13cdc9d9-ddb5-4fa4-a97d-d965ccfc6d4b" outcome="Passed" testListId="8c84fa94-04c1-424b-9868-57a2d4851a1d" relativeResultsDirectory="cec8148c-8e2a-4b38-879e-3c6bc8fdf747" />
    <UnitTestResult executionId="f7431209-150d-45f7-91c2-a0cecde02c65" testId="f643d71b-41de-f2aa-ddaf-e04d275d5bbe" testName="TheEnd.Tests.Renderer.SpriteSealedShaftBankTests.InstalledCasingIsAnOpaquePaintedRigidObjectWithinItsReservedFootprint" computerName="ROLEPLAY-GAMER" duration="00:00:00.0522089" startTime="2026-09-13T11:44:49.8118627+02:00" endTime="2026-09-13T11:44:49.8118630+02:00" testType="13cdc9d9-ddb5-4fa4-a97d-d965ccfc6d4b" outcome="Passed" testListId="8c84fa94-04c1-424b-9868-57a2d4851a1d" relativeResultsDirectory="f7431209-150d-45f7-91c2-a0cecde02c65" />
    <UnitTestResult executionId="9bc5a416-924a-41a1-a250-cd693d50cae9" testId="a1e00c37-3561-e387-a7ce-62403390ee40" testName="TheEnd.Tests.Renderer.TrimSkinTests.ARoom_GetsTrim" computerName="ROLEPLAY-GAMER" duration="00:00:00.0004217" startTime="2026-09-13T11:44:49.7579808+02:00" endTime="2026-09-13T11:44:49.7579808+02:00" testType="13cdc9d9-ddb5-4fa4-a97d-d965ccfc6d4b" outcome="Passed" testListId="8c84fa94-04c1-424b-9868-57a2d4851a1d" relativeResultsDirectory="9bc5a416-924a-41a1-a250-cd693d50cae9" />
    <UnitTestResult executionId="4e2292ea-c8ac-4984-98d1-e2d2b8e8ebd7" testId="12b73a54-5efe-29aa-f161-9242ecec2850" testName="TheEnd.Tests.Renderer.SpriteSealedShaftPresentationTests.AccessibleMachinesAreNeverMistakenForASealedCrossing(kind: DomeCage)" computerName="ROLEPLAY-GAMER" duration="00:00:00.0002839" startTime="2026-09-13T11:45:03.1363180+02:00" endTime="2026-09-13T11:45:03.1363181+02:00" testType="13cdc9d9-ddb5-4fa4-a97d-d965ccfc6d4b" outcome="Passed" testListId="8c84fa94-04c1-424b-9868-57a2d4851a1d" relativeResultsDirectory="4e2292ea-c8ac-4984-98d1-e2d2b8e8ebd7" />
    <UnitTestResult executionId="b63df6d7-4564-4077-95ce-8ed6f91d1237" testId="924c3e0e-b12b-e983-8d78-c6b3271db132" testName="TheEnd.Tests.Renderer.SpriteSealedShaftPresentationTests.AFeatureOnAnyCellRestoresTheWholeExistingAppearanceEvenWithoutAStampChange(dx: 1, dy: 1)" computerName="ROLEPLAY-GAMER" duration="00:00:00.0000604" startTime="2026-09-13T11:45:03.1327623+02:00" endTime="2026-09-13T11:45:03.1327623+02:00" testType="13cdc9d9-ddb5-4fa4-a97d-d965ccfc6d4b" outcome="Passed" testListId="8c84fa94-04c1-424b-9868-57a2d4851a1d" relativeResultsDirectory="b63df6d7-4564-4077-95ce-8ed6f91d1237" />
    <UnitTestResult executionId="a0046f50-4964-499a-b9bb-6d6151f9da4d" testId="8ce52599-0d96-945f-3f40-a284c3524473" testName="TheEnd.Tests.Renderer.TrimSkinTests.NothingTheTrimDraws_ReachesTheWallsNearRail" computerName="ROLEPLAY-GAMER" duration="00:00:00.0259189" startTime="2026-09-13T11:44:49.7562096+02:00" endTime="2026-09-13T11:44:49.7562200+02:00" testType="13cdc9d9-ddb5-4fa4-a97d-d965ccfc6d4b" outcome="Passed" testListId="8c84fa94-04c1-424b-9868-57a2d4851a1d" relativeResultsDirectory="a0046f50-4964-499a-b9bb-6d6151f9da4d" />
    <UnitTestResult executionId="4c00d698-13fa-480b-826e-fdd860d1906a" testId="fef91df4-6607-d50a-5878-41158b1ac9e7" testName="TheEnd.Tests.Renderer.SpriteSealedShaftPresentationTests.AFeatureOnAnyCellRestoresTheWholeExistingAppearanceEvenWithoutAStampChange(dx: 0, dy: 2)" computerName="ROLEPLAY-GAMER" duration="00:00:00.0071653" startTime="2026-09-13T11:45:03.1309897+02:00" endTime="2026-09-13T11:45:03.1309900+02:00" testType="13cdc9d9-ddb5-4fa4-a97d-d965ccfc6d4b" outcome="Passed" testListId="8c84fa94-04c1-424b-9868-57a2d4851a1d" relativeResultsDirectory="4c00d698-13fa-480b-826e-fdd860d1906a" />
    <UnitTestResult executionId="9e80d0b8-febc-44d8-bbbd-908bdce3ad81" testId="f224ff8b-1863-2eff-99e2-fdd82374358e" testName="TheEnd.Tests.Renderer.WallRunBodyTrimSkinTests.StraightRun_DrawsTwoSymmetricNormalTrimFamilies" computerName="ROLEPLAY-GAMER" duration="00:00:00.0151973" startTime="2026-09-13T11:44:49.7961528+02:00" endTime="2026-09-13T11:44:49.7961532+02:00" testType="13cdc9d9-ddb5-4fa4-a97d-d965ccfc6d4b" outcome="Passed" testListId="8c84fa94-04c1-424b-9868-57a2d4851a1d" relativeResultsDirectory="9e80d0b8-febc-44d8-bbbd-908bdce3ad81" />
    <UnitTestResult executionId="d7b55c3c-b7b5-4bb8-91bf-9568599d5d6e" testId="688d193e-7902-1c09-7aa4-3b260dbdb251" testName="TheEnd.Tests.Renderer.SpriteSealedShaftPresentationTests.AirCursorCorruptionRoutePowerAndUnrelatedStructureEditsDoNotInvalidateThePose" computerName="ROLEPLAY-GAMER" duration="00:00:00.0009366" startTime="2026-09-13T11:45:03.1359696+02:00" endTime="2026-09-13T11:45:03.1359697+02:00" testType="13cdc9d9-ddb5-4fa4-a97d-d965ccfc6d4b" outcome="Passed" testListId="8c84fa94-04c1-424b-9868-57a2d4851a1d" relativeResultsDirectory="d7b55c3c-b7b5-4bb8-91bf-9568599d5d6e" />
    <UnitTestResult executionId="e61f6e9f-d141-46e4-a34d-633acf3a61c6" testId="5fc81df9-8db7-1013-c076-aedf9642d805" testName="TheEnd.Tests.Renderer.SpriteSealedShaftBankTests.AContinuousRaisedCoverClosesTheCentreInsteadOfLeavingAnOpenWell" computerName="ROLEPLAY-GAMER" duration="00:00:00.0309334" startTime="2026-09-13T11:44:49.7596452+02:00" endTime="2026-09-13T11:44:49.7596453+02:00" testType="13cdc9d9-ddb5-4fa4-a97d-d965ccfc6d4b" outcome="Passed" testListId="8c84fa94-04c1-424b-9868-57a2d4851a1d" relativeResultsDirectory="e61f6e9f-d141-46e4-a34d-633acf3a61c6" />
    <UnitTestResult executionId="3c91b588-ceb7-437b-999c-018f53a24714" testId="cddfeca4-8f03-bf97-fa81-c4021705161a" testName="TheEnd.Tests.Renderer.SpriteSealedShaftDecorCacheTests.AuthoredCasingLosesItsBlackFieldRailAndNodesButKeepsOtherContours(cellSize: 8, fine: False)" computerName="ROLEPLAY-GAMER" duration="00:00:00.0005557" startTime="2026-09-13T11:45:03.1026166+02:00" endTime="2026-09-13T11:45:03.1026167+02:00" testType="13cdc9d9-ddb5-4fa4-a97d-d965ccfc6d4b" outcome="Passed" testListId="8c84fa94-04c1-424b-9868-57a2d4851a1d" relativeResultsDirectory="3c91b588-ceb7-437b-999c-018f53a24714" />
    <UnitTestResult executionId="59eac74f-b71c-431b-9fb7-4d9b35c06c62" testId="4ce5a6a3-a3a0-7997-253d-1d6def005f5b" testName="TheEnd.Tests.Renderer.DomeTrimSingleStylingTests.StylingAPublishedDomeRingAgain_MovesIt(seed: 12345)" computerName="ROLEPLAY-GAMER" duration="00:00:06.8787154" startTime="2026-09-13T11:45:03.0751447+02:00" endTime="2026-09-13T11:45:03.0751453+02:00" testType="13cdc9d9-ddb5-4fa4-a97d-d965ccfc6d4b" outcome="Passed" testListId="8c84fa94-04c1-424b-9868-57a2d4851a1d" relativeResultsDirectory="59eac74f-b71c-431b-9fb7-4d9b35c06c62" />
    <UnitTestResult executionId="bb2a14d5-c771-45d4-9f7b-11fa36a74609" testId="4ddee3ee-f19d-9d18-1275-1e6b6d1004c1" testName="TheEnd.Tests.Renderer.SpriteSealedShaftDecorCacheTests.AuthoredCasingLosesItsBlackFieldRailAndNodesButKeepsOtherContours(cellSize: 48, fine: True)" computerName="ROLEPLAY-GAMER" duration="00:00:00.0225959" startTime="2026-09-13T11:45:03.1010265+02:00" endTime="2026-09-13T11:45:03.1010269+02:00" testType="13cdc9d9-ddb5-4fa4-a97d-d965ccfc6d4b" outcome="Passed" testListId="8c84fa94-04c1-424b-9868-57a2d4851a1d" relativeResultsDirectory="bb2a14d5-c771-45d4-9f7b-11fa36a74609" />
    <UnitTestResult executionId="68b4987a-3c05-475e-b719-8c228057f0f6" testId="ea45be73-5641-c5bb-2671-979d25f47b8e" testName="TheEnd.Tests.Renderer.SpriteSealedShaftPresentationTests.UnsupportedShaftSizesKeepTheirExistingArchitecture(side: 1)" computerName="ROLEPLAY-GAMER" duration="00:00:00.0003819" startTime="2026-09-13T11:45:03.1344129+02:00" endTime="2026-09-13T11:45:03.1344130+02:00" testType="13cdc9d9-ddb5-4fa4-a97d-d965ccfc6d4b" outcome="Passed" testListId="8c84fa94-04c1-424b-9868-57a2d4851a1d" relativeResultsDirectory="68b4987a-3c05-475e-b719-8c228057f0f6" />
    <UnitTestResult executionId="d1409c8a-6a23-4a42-a293-2ba46823ed9a" testId="ed5d126e-e1b8-f9b3-21ee-ce63f8d8f350" testName="TheEnd.Tests.Renderer.SpriteSealedShaftPresentationTests.DamagedOrOpenArchitectureCannotRemainCoveredByTheIntactCap(mutation: &quot;wrong-perimeter-ground&quot;)" computerName="ROLEPLAY-GAMER" duration="00:00:00.0004843" startTime="2026-09-13T11:45:03.1377810+02:00" endTime="2026-09-13T11:45:03.1377814+02:00" testType="13cdc9d9-ddb5-4fa4-a97d-d965ccfc6d4b" outcome="Passed" testListId="8c84fa94-04c1-424b-9868-57a2d4851a1d" relativeResultsDirectory="d1409c8a-6a23-4a42-a293-2ba46823ed9a" />
    <UnitTestResult executionId="b44e521a-78c3-4227-8300-8ed640c0fbfd" testId="2936d259-62ba-73f7-bf01-ab5f0fd81695" testName="TheEnd.Tests.Renderer.WallRunBodyTrimSkinTests.OwnershipCutsKeepOneSourceWideTickPhase" computerName="ROLEPLAY-GAMER" duration="00:00:00.0041173" startTime="2026-09-13T11:44:49.7808707+02:00" endTime="2026-09-13T11:44:49.7808707+02:00" testType="13cdc9d9-ddb5-4fa4-a97d-d965ccfc6d4b" outcome="Passed" testListId="8c84fa94-04c1-424b-9868-57a2d4851a1d" relativeResultsDirectory="b44e521a-78c3-4227-8300-8ed640c0fbfd" />
    <UnitTestResult executionId="fc41b341-711c-48a8-a77d-a1dbc67d5bf2" testId="005c9448-e4ec-8713-04c9-88ef23f23a3c" testName="TheEnd.Tests.Renderer.WallRunBodyTrimSkinTests.SeparateFinalRuns_KeepTheirExactButtGap" computerName="ROLEPLAY-GAMER" duration="00:00:00.0046556" startTime="2026-09-13T11:44:49.7808895+02:00" endTime="2026-09-13T11:44:49.7808895+02:00" testType="13cdc9d9-ddb5-4fa4-a97d-d965ccfc6d4b" outcome="Passed" testListId="8c84fa94-04c1-424b-9868-57a2d4851a1d" relativeResultsDirectory="fc41b341-711c-48a8-a77d-a1dbc67d5bf2" />
    <UnitTestResult executionId="cf6e72b4-8496-43e9-9f88-52e5cdb8acca" testId="23d84370-051b-d94d-a2b4-d3e609147b2f" testName="TheEnd.Tests.Renderer.WallRunBodyTrimSkinTests.TicksUseTheNormalTrimCellSizeAndDetailBudget(cellSize: 32, width: 200, height: 200, expected: False)" computerName="ROLEPLAY-GAMER" duration="00:00:00.0000821" startTime="2026-09-13T11:44:49.7807282+02:00" endTime="2026-09-13T11:44:49.7807283+02:00" testType="13cdc9d9-ddb5-4fa4-a97d-d965ccfc6d4b" outcome="Passed" testListId="8c84fa94-04c1-424b-9868-57a2d4851a1d" relativeResultsDirectory="cf6e72b4-8496-43e9-9f88-52e5cdb8acca" />
    <UnitTestResult executionId="f0a65c6b-7fac-44d3-8117-4228f3efc6ca" testId="7bdac757-9eac-232f-b8f6-5bf8e5fa2fa8" testName="TheEnd.Tests.Renderer.WallRunBodyTrimSkinTests.TicksUseTheNormalTrimCellSizeAndDetailBudget(cellSize: 13, width: 16, height: 16, expected: False)" computerName="ROLEPLAY-GAMER" duration="00:00:00.0371155" startTime="2026-09-13T11:44:49.7657201+02:00" endTime="2026-09-13T11:44:49.7657204+02:00" testType="13cdc9d9-ddb5-4fa4-a97d-d965ccfc6d4b" outcome="Passed" testListId="8c84fa94-04c1-424b-9868-57a2d4851a1d" relativeResultsDirectory="f0a65c6b-7fac-44d3-8117-4228f3efc6ca" />
    <UnitTestResult executionId="838b2a81-ebcc-4bd9-95eb-0a0d8733e18c" testId="d2788561-ebce-1465-ab02-845c9af495c7" testName="TheEnd.Tests.Renderer.SpriteSealedShaftPresentationTests.ARouteMustBeAlignedAndSpanTheDomeBetweenKnownDecks" computerName="ROLEPLAY-GAMER" duration="00:00:00.0011096" startTime="2026-09-13T11:45:03.1463188+02:00" endTime="2026-09-13T11:45:03.1463189+02:00" testType="13cdc9d9-ddb5-4fa4-a97d-d965ccfc6d4b" outcome="Passed" testListId="8c84fa94-04c1-424b-9868-57a2d4851a1d" relativeResultsDirectory="838b2a81-ebcc-4bd9-95eb-0a0d8733e18c" />
    <UnitTestResult executionId="f8ea6732-eab1-4b24-9a4c-c27ce0954a56" testId="1b9dfd3f-aa39-c1cc-76da-248e9fdaacc5" testName="TheEnd.Tests.Renderer.SpriteSealedShaftDecorCacheTests.WarmDetailAndBackendRoundTripsReuseExactlyTwoBatches" computerName="ROLEPLAY-GAMER" duration="00:00:00.0008852" startTime="2026-09-13T11:45:03.1230813+02:00" endTime="2026-09-13T11:45:03.1230815+02:00" testType="13cdc9d9-ddb5-4fa4-a97d-d965ccfc6d4b" outcome="Passed" testListId="8c84fa94-04c1-424b-9868-57a2d4851a1d" relativeResultsDirectory="f8ea6732-eab1-4b24-9a4c-c27ce0954a56" />
    <UnitTestResult executionId="2607060d-d54f-4aa3-a59f-7f989f030aa9" testId="b9a43389-37ca-8a4a-c1a2-f0f53d37661d" testName="TheEnd.Tests.Renderer.SpriteSealedShaftPresentationTests.DamagedOrOpenArchitectureCannotRemainCoveredByTheIntactCap(mutation: &quot;broken-wall&quot;)" computerName="ROLEPLAY-GAMER" duration="00:00:00.0006073" startTime="2026-09-13T11:45:03.1373823+02:00" endTime="2026-09-13T11:45:03.1373830+02:00" testType="13cdc9d9-ddb5-4fa4-a97d-d965ccfc6d4b" outcome="Passed" testListId="8c84fa94-04c1-424b-9868-57a2d4851a1d" relativeResultsDirectory="2607060d-d54f-4aa3-a59f-7f989f030aa9" />
    <UnitTestResult executionId="6d9f6d6d-e9da-4b3a-9e19-ce737f2be930" testId="e600ec8f-59b9-e6f9-9b75-818340a4fe4c" testName="TheEnd.Tests.Renderer.SpriteSealedShaftPresentationTests.AccessibleMachinesAreNeverMistakenForASealedCrossing(kind: Manual)" computerName="ROLEPLAY-GAMER" duration="00:00:00.0001996" startTime="2026-09-13T11:45:03.1365463+02:00" endTime="2026-09-13T11:45:03.1365464+02:00" testType="13cdc9d9-ddb5-4fa4-a97d-d965ccfc6d4b" outcome="Passed" testListId="8c84fa94-04c1-424b-9868-57a2d4851a1d" relativeResultsDirectory="6d9f6d6d-e9da-4b3a-9e19-ce737f2be930" />
    <UnitTestResult executionId="d59c29cf-e04d-4d24-9031-795aa7301c65" testId="b3f5556f-0398-40eb-42d1-6a0a90c13c25" testName="TheEnd.Tests.Renderer.SpriteSealedShaftPresentationTests.CurrentWallSourcesMustReallyCarryEveryPerimeterEdge" computerName="ROLEPLAY-GAMER" duration="00:00:00.0003455" startTime="2026-09-13T11:45:03.1349715+02:00" endTime="2026-09-13T11:45:03.1349716+02:00" testType="13cdc9d9-ddb5-4fa4-a97d-d965ccfc6d4b" outcome="Passed" testListId="8c84fa94-04c1-424b-9868-57a2d4851a1d" relativeResultsDirectory="d59c29cf-e04d-4d24-9031-795aa7301c65" />
    <UnitTestResult executionId="e3e33fd7-f3ca-4aed-8cc2-e659e60458c9" testId="9866630d-9c2c-dcf5-56dd-4208e2ea71de" testName="TheEnd.Tests.Renderer.SpriteSealedShaftPresentationTests.AFeatureOnAnyCellRestoresTheWholeExistingAppearanceEvenWithoutAStampChange(dx: 0, dy: 1)" computerName="ROLEPLAY-GAMER" duration="00:00:00.0006244" startTime="2026-09-13T11:45:03.1317375+02:00" endTime="2026-09-13T11:45:03.1317378+02:00" testType="13cdc9d9-ddb5-4fa4-a97d-d965ccfc6d4b" outcome="Passed" testListId="8c84fa94-04c1-424b-9868-57a2d4851a1d" relativeResultsDirectory="e3e33fd7-f3ca-4aed-8cc2-e659e60458c9" />
    <UnitTestResult executionId="339e24a1-365c-42bc-9008-4de33363dab9" testId="16fba1d0-4f53-8e11-c2ce-095a81ea3add" testName="TheEnd.Tests.Renderer.SpriteSealedShaftPresentationTests.AFeatureOnAnyCellRestoresTheWholeExistingAppearanceEvenWithoutAStampChange(dx: 1, dy: 2)" computerName="ROLEPLAY-GAMER" duration="00:00:00.0000567" startTime="2026-09-13T11:45:03.1329323+02:00" endTime="2026-09-13T11:45:03.1329324+02:00" testType="13cdc9d9-ddb5-4fa4-a97d-d965ccfc6d4b" outcome="Passed" testListId="8c84fa94-04c1-424b-9868-57a2d4851a1d" relativeResultsDirectory="339e24a1-365c-42bc-9008-4de33363dab9" />
    <UnitTestResult executionId="34a28df3-35de-45c9-9824-453678a9ca36" testId="44a105c7-2476-bf47-30d3-25fad7bb2ed9" testName="TheEnd.Tests.Renderer.TrimSkinTests.ATickOnADiagonalFace_LeansWithTheFace_NotWithTheScreen" computerName="ROLEPLAY-GAMER" duration="00:00:00.0033304" startTime="2026-09-13T11:44:49.7596341+02:00" endTime="2026-09-13T11:44:49.7596342+02:00" testType="13cdc9d9-ddb5-4fa4-a97d-d965ccfc6d4b" outcome="Passed" testListId="8c84fa94-04c1-424b-9868-57a2d4851a1d" relativeResultsDirectory="34a28df3-35de-45c9-9824-453678a9ca36" />
    <UnitTestResult executionId="d78ce260-e894-4e11-9a9d-9c2e2d7bc5f9" testId="a1e5557b-7066-958f-a770-331e94176a32" testName="TheEnd.Tests.Renderer.SpriteSealedShaftPresentationTests.IdenticalFramesReuseTheListWithoutAllocations" computerName="ROLEPLAY-GAMER" duration="00:00:00.0008717" startTime="2026-09-13T11:45:03.1402813+02:00" endTime="2026-09-13T11:45:03.1402815+02:00" testType="13cdc9d9-ddb5-4fa4-a97d-d965ccfc6d4b" outcome="Passed" testListId="8c84fa94-04c1-424b-9868-57a2d4851a1d" relativeResultsDirectory="d78ce260-e894-4e11-9a9d-9c2e2d7bc5f9" />
    <UnitTestResult executionId="66e4e816-1ed1-4ec9-86da-ee0c25e8b724" testId="38957090-0d0b-1508-c628-3867afd228e0" testName="TheEnd.Tests.Renderer.DomeTrimSingleStylingTests.StylingAPublishedDomeRingAgain_MovesIt(seed: 777)" computerName="ROLEPLAY-GAMER" duration="00:00:06.4675560" startTime="2026-09-13T11:44:56.1966992+02:00" endTime="2026-09-13T11:44:56.1966996+02:00" testType="13cdc9d9-ddb5-4fa4-a97d-d965ccfc6d4b" outcome="Passed" testListId="8c84fa94-04c1-424b-9868-57a2d4851a1d" relativeResultsDirectory="66e4e816-1ed1-4ec9-86da-ee0c25e8b724" />
    <UnitTestResult executionId="9dacf437-96be-428e-94bf-fb4f0cbd0419" testId="d161999e-5220-cbed-1265-563c796083ff" testName="TheEnd.Tests.Renderer.SpriteSealedShaftPresentationTests.MutableRouteListsAndDisabledBanksCannotLeaveAStaleModel" computerName="ROLEPLAY-GAMER" duration="00:00:00.0004522" startTime="2026-09-13T11:45:03.1395813+02:00" endTime="2026-09-13T11:45:03.1395814+02:00" testType="13cdc9d9-ddb5-4fa4-a97d-d965ccfc6d4b" outcome="Passed" testListId="8c84fa94-04c1-424b-9868-57a2d4851a1d" relativeResultsDirectory="9dacf437-96be-428e-94bf-fb4f0cbd0419" />
    <UnitTestResult executionId="03172eca-7d29-423d-801f-57c9f09fc2f2" testId="47c86139-c5e6-f941-cc09-5a969a328c04" testName="TheEnd.Tests.Renderer.SpriteSealedShaftDecorCacheTests.DecorBakeKeepsMassHatchesByteForByteAndDefaultVectorTrimUnchanged" computerName="ROLEPLAY-GAMER" duration="00:00:00.0095800" startTime="2026-09-13T11:45:03.1221572+02:00" endTime="2026-09-13T11:45:03.1221574+02:00" testType="13cdc9d9-ddb5-4fa4-a97d-d965ccfc6d4b" outcome="Passed" testListId="8c84fa94-04c1-424b-9868-57a2d4851a1d" relativeResultsDirectory="03172eca-7d29-423d-801f-57c9f09fc2f2" />
    <UnitTestResult executionId="4e1e885d-afe8-4ad8-ad58-21793c9a812b" testId="bb1f94f7-beb3-6d7d-64d6-267564a37206" testName="TheEnd.Tests.Renderer.SpriteSealedShaftPresentationTests.AFeatureOnAnyCellRestoresTheWholeExistingAppearanceEvenWithoutAStampChange(dx: 2, dy: 1)" computerName="ROLEPLAY-GAMER" duration="00:00:00.0000568" startTime="2026-09-13T11:45:03.1328912+02:00" endTime="2026-09-13T11:45:03.1328912+02:00" testType="13cdc9d9-ddb5-4fa4-a97d-d965ccfc6d4b" outcome="Passed" testListId="8c84fa94-04c1-424b-9868-57a2d4851a1d" relativeResultsDirectory="4e1e885d-afe8-4ad8-ad58-21793c9a812b" />
  </Results>
  <TestDefinitions>
    <UnitTest name="TheEnd.Tests.Renderer.WallRunBodyTrimSkinTests.TicksUseTheNormalTrimCellSizeAndDetailBudget(cellSize: 13, width: 16, height: 16, expected: False)" storage="c:\workspace\theend\theend.tests\bin\debug\net9.0\theend.tests.dll" id="7bdac757-9eac-232f-b8f6-5bf8e5fa2fa8">
      <Execution id="f0a65c6b-7fac-44d3-8117-4228f3efc6ca" />
      <TestMethod codeBase="C:\workspace\TheEnd\TheEnd.Tests\bin\Debug\net9.0\TheEnd.Tests.dll" adapterTypeName="executor://xunit/VsTestRunner2/netcoreapp" className="TheEnd.Tests.Renderer.WallRunBodyTrimSkinTests" name="TicksUseTheNormalTrimCellSizeAndDetailBudget" />
    </UnitTest>
    <UnitTest name="TheEnd.Tests.Renderer.WallRunBodyTrimSkinTests.TicksUseTheNormalTrimCellSizeAndDetailBudget(cellSize: 14, width: 16, height: 16, expected: True)" storage="c:\workspace\theend\theend.tests\bin\debug\net9.0\theend.tests.dll" id="6ba60838-6738-4290-b622-9773ee4c215b">
      <Execution id="e6dd9f77-874c-4c32-871b-a9d1b014d5a0" />
      <TestMethod codeBase="C:\workspace\TheEnd\TheEnd.Tests\bin\Debug\net9.0\TheEnd.Tests.dll" adapterTypeName="executor://xunit/VsTestRunner2/netcoreapp" className="TheEnd.Tests.Renderer.WallRunBodyTrimSkinTests" name="TicksUseTheNormalTrimCellSizeAndDetailBudget" />
    </UnitTest>
    <UnitTest name="TheEnd.Tests.Renderer.SpriteSealedShaftPresentationTests.AFeatureOnAnyCellRestoresTheWholeExistingAppearanceEvenWithoutAStampChange(dx: 2, dy: 2)" storage="c:\workspace\theend\theend.tests\bin\debug\net9.0\theend.tests.dll" id="7148c1dc-3552-f59c-a90c-bcbdbf8ab7c0">
      <Execution id="bdd89ae2-11b6-447e-b257-a0567df872d7" />
      <TestMethod codeBase="C:\workspace\TheEnd\TheEnd.Tests\bin\Debug\net9.0\TheEnd.Tests.dll" adapterTypeName="executor://xunit/VsTestRunner2/netcoreapp" className="TheEnd.Tests.Renderer.SpriteSealedShaftPresentationTests" name="AFeatureOnAnyCellRestoresTheWholeExistingAppearanceEvenWithoutAStampChange" />
    </UnitTest>
    <UnitTest name="TheEnd.Tests.Renderer.SpriteSealedShaftPresentationTests.MutableRouteListsAndDisabledBanksCannotLeaveAStaleModel" storage="c:\workspace\theend\theend.tests\bin\debug\net9.0\theend.tests.dll" id="d161999e-5220-cbed-1265-563c796083ff">
      <Execution id="9dacf437-96be-428e-94bf-fb4f0cbd0419" />
      <TestMethod codeBase="C:\workspace\TheEnd\TheEnd.Tests\bin\Debug\net9.0\TheEnd.Tests.dll" adapterTypeName="executor://xunit/VsTestRunner2/netcoreapp" className="TheEnd.Tests.Renderer.SpriteSealedShaftPresentationTests" name="MutableRouteListsAndDisabledBanksCannotLeaveAStaleModel" />
    </UnitTest>
    <UnitTest name="TheEnd.Tests.Renderer.SpriteSealedShaftDecorCacheTests.OnlyTheExactSquareRingOwnedByThePoseCanLoseItsTrim" storage="c:\workspace\theend\theend.tests\bin\debug\net9.0\theend.tests.dll" id="8d1745fc-4644-9b9d-a6d8-3dfb2e8b8d75">
      <Execution id="5bd51d5d-3098-4680-92b1-e1f3d7c7c2aa" />
      <TestMethod codeBase="C:\workspace\TheEnd\TheEnd.Tests\bin\Debug\net9.0\TheEnd.Tests.dll" adapterTypeName="executor://xunit/VsTestRunner2/netcoreapp" className="TheEnd.Tests.Renderer.SpriteSealedShaftDecorCacheTests" name="OnlyTheExactSquareRingOwnedByThePoseCanLoseItsTrim" />
    </UnitTest>
    <UnitTest name="TheEnd.Tests.Renderer.SpriteSealedShaftDecorCacheTests.AuthoredCasingLosesItsBlackFieldRailAndNodesButKeepsOtherContours(cellSize: 48, fine: True)" storage="c:\workspace\theend\theend.tests\bin\debug\net9.0\theend.tests.dll" id="4ddee3ee-f19d-9d18-1275-1e6b6d1004c1">
      <Execution id="bb2a14d5-c771-45d4-9f7b-11fa36a74609" />
      <TestMethod codeBase="C:\workspace\TheEnd\TheEnd.Tests\bin\Debug\net9.0\TheEnd.Tests.dll" adapterTypeName="executor://xunit/VsTestRunner2/netcoreapp" className="TheEnd.Tests.Renderer.SpriteSealedShaftDecorCacheTests" name="AuthoredCasingLosesItsBlackFieldRailAndNodesButKeepsOtherContours" />
    </UnitTest>
    <UnitTest name="TheEnd.Tests.Renderer.TrimSkinTests.ATickOnADiagonalFace_LeansWithTheFace_NotWithTheScreen" storage="c:\workspace\theend\theend.tests\bin\debug\net9.0\theend.tests.dll" id="44a105c7-2476-bf47-30d3-25fad7bb2ed9">
      <Execution id="34a28df3-35de-45c9-9824-453678a9ca36" />
      <TestMethod codeBase="C:\workspace\TheEnd\TheEnd.Tests\bin\Debug\net9.0\TheEnd.Tests.dll" adapterTypeName="executor://xunit/VsTestRunner2/netcoreapp" className="TheEnd.Tests.Renderer.TrimSkinTests" name="ATickOnADiagonalFace_LeansWithTheFace_NotWithTheScreen" />
    </UnitTest>
    <UnitTest name="TheEnd.Tests.Renderer.SpriteSealedShaftPresentationTests.DamagedOrOpenArchitectureCannotRemainCoveredByTheIntactCap(mutation: &quot;door&quot;)" storage="c:\workspace\theend\theend.tests\bin\debug\net9.0\theend.tests.dll" id="40796f88-ff8a-4765-4619-068497b674a2">
      <Execution id="c334632b-e4b9-461f-afa3-292efc6780ba" />
      <TestMethod codeBase="C:\workspace\TheEnd\TheEnd.Tests\bin\Debug\net9.0\TheEnd.Tests.dll" adapterTypeName="executor://xunit/VsTestRunner2/netcoreapp" className="TheEnd.Tests.Renderer.SpriteSealedShaftPresentationTests" name="DamagedOrOpenArchitectureCannotRemainCoveredByTheIntactCap" />
    </UnitTest>
    <UnitTest name="TheEnd.Tests.Renderer.SpriteSealedShaftPresentationTests.DamagedOrOpenArchitectureCannotRemainCoveredByTheIntactCap(mutation: &quot;wrong-perimeter-ground&quot;)" storage="c:\workspace\theend\theend.tests\bin\debug\net9.0\theend.tests.dll" id="ed5d126e-e1b8-f9b3-21ee-ce63f8d8f350">
      <Execution id="d1409c8a-6a23-4a42-a293-2ba46823ed9a" />
      <TestMethod codeBase="C:\workspace\TheEnd\TheEnd.Tests\bin\Debug\net9.0\TheEnd.Tests.dll" adapterTypeName="executor://xunit/VsTestRunner2/netcoreapp" className="TheEnd.Tests.Renderer.SpriteSealedShaftPresentationTests" name="DamagedOrOpenArchitectureCannotRemainCoveredByTheIntactCap" />
    </UnitTest>
    <UnitTest name="TheEnd.Tests.Renderer.SpriteSealedShaftDecorCacheTests.AuthoredCasingLosesItsBlackFieldRailAndNodesButKeepsOtherContours(cellSize: 8, fine: False)" storage="c:\workspace\theend\theend.tests\bin\debug\net9.0\theend.tests.dll" id="cddfeca4-8f03-bf97-fa81-c4021705161a">
      <Execution id="3c91b588-ceb7-437b-999c-018f53a24714" />
      <TestMethod codeBase="C:\workspace\TheEnd\TheEnd.Tests\bin\Debug\net9.0\TheEnd.Tests.dll" adapterTypeName="executor://xunit/VsTestRunner2/netcoreapp" className="TheEnd.Tests.Renderer.SpriteSealedShaftDecorCacheTests" name="AuthoredCasingLosesItsBlackFieldRailAndNodesButKeepsOtherContours" />
    </UnitTest>
    <UnitTest name="TheEnd.Tests.Renderer.SpriteSealedShaftPresentationTests.AccessibleMachinesAreNeverMistakenForASealedCrossing(kind: Manual)" storage="c:\workspace\theend\theend.tests\bin\debug\net9.0\theend.tests.dll" id="e600ec8f-59b9-e6f9-9b75-818340a4fe4c">
      <Execution id="6d9f6d6d-e9da-4b3a-9e19-ce737f2be930" />
      <TestMethod codeBase="C:\workspace\TheEnd\TheEnd.Tests\bin\Debug\net9.0\TheEnd.Tests.dll" adapterTypeName="executor://xunit/VsTestRunner2/netcoreapp" className="TheEnd.Tests.Renderer.SpriteSealedShaftPresentationTests" name="AccessibleMachinesAreNeverMistakenForASealedCrossing" />
    </UnitTest>
    <UnitTest name="TheEnd.Tests.Renderer.SpriteSealedShaftPresentationTests.AFeatureOnAnyCellRestoresTheWholeExistingAppearanceEvenWithoutAStampChange(dx: 2, dy: 0)" storage="c:\workspace\theend\theend.tests\bin\debug\net9.0\theend.tests.dll" id="43c5633c-8ece-25b8-a6c7-661891faa35b">
      <Execution id="d7e46849-d5c4-4bc9-a9bd-24754f8f805d" />
      <TestMethod codeBase="C:\workspace\TheEnd\TheEnd.Tests\bin\Debug\net9.0\TheEnd.Tests.dll" adapterTypeName="executor://xunit/VsTestRunner2/netcoreapp" className="TheEnd.Tests.Renderer.SpriteSealedShaftPresentationTests" name="AFeatureOnAnyCellRestoresTheWholeExistingAppearanceEvenWithoutAStampChange" />
    </UnitTest>
    <UnitTest name="TheEnd.Tests.Renderer.SpriteSealedShaftPresentationTests.AFeatureOnAnyCellRestoresTheWholeExistingAppearanceEvenWithoutAStampChange(dx: 0, dy: 0)" storage="c:\workspace\theend\theend.tests\bin\debug\net9.0\theend.tests.dll" id="acd16c3a-dd15-ec8e-6a8f-4bf48a0a08a8">
      <Execution id="c4e375da-7e92-4606-9d21-c40a20c8305c" />
      <TestMethod codeBase="C:\workspace\TheEnd\TheEnd.Tests\bin\Debug\net9.0\TheEnd.Tests.dll" adapterTypeName="executor://xunit/VsTestRunner2/netcoreapp" className="TheEnd.Tests.Renderer.SpriteSealedShaftPresentationTests" name="AFeatureOnAnyCellRestoresTheWholeExistingAppearanceEvenWithoutAStampChange" />
    </UnitTest>
    <UnitTest name="TheEnd.Tests.Renderer.SpriteSealedShaftPresentationTests.DamagedOrOpenArchitectureCannotRemainCoveredByTheIntactCap(mutation: &quot;wrong-wall-role&quot;)" storage="c:\workspace\theend\theend.tests\bin\debug\net9.0\theend.tests.dll" id="5086859d-500f-1ee8-40e3-bb5475f0ad2c">
      <Execution id="856ced80-99bb-44e7-a6a5-f22e691c6b74" />
      <TestMethod codeBase="C:\workspace\TheEnd\TheEnd.Tests\bin\Debug\net9.0\TheEnd.Tests.dll" adapterTypeName="executor://xunit/VsTestRunner2/netcoreapp" className="TheEnd.Tests.Renderer.SpriteSealedShaftPresentationTests" name="DamagedOrOpenArchitectureCannotRemainCoveredByTheIntactCap" />
    </UnitTest>
    <UnitTest name="TheEnd.Tests.Renderer.SpriteSealedShaftPresentationTests.AFeatureOnAnyCellRestoresTheWholeExistingAppearanceEvenWithoutAStampChange(dx: 1, dy: 1)" storage="c:\workspace\theend\theend.tests\bin\debug\net9.0\theend.tests.dll" id="924c3e0e-b12b-e983-8d78-c6b3271db132">
      <Execution id="b63df6d7-4564-4077-95ce-8ed6f91d1237" />
      <TestMethod codeBase="C:\workspace\TheEnd\TheEnd.Tests\bin\Debug\net9.0\TheEnd.Tests.dll" adapterTypeName="executor://xunit/VsTestRunner2/netcoreapp" className="TheEnd.Tests.Renderer.SpriteSealedShaftPresentationTests" name="AFeatureOnAnyCellRestoresTheWholeExistingAppearanceEvenWithoutAStampChange" />
    </UnitTest>
    <UnitTest name="TheEnd.Tests.Renderer.SpriteSealedShaftDecorCacheTests.IdenticalFramesDoNotAllocateOrBakeAgain" storage="c:\workspace\theend\theend.tests\bin\debug\net9.0\theend.tests.dll" id="31a40711-f53b-c8c7-dd28-500689de1779">
      <Execution id="b25842de-3278-4b57-bdf4-a647db3ef4a9" />
      <TestMethod codeBase="C:\workspace\TheEnd\TheEnd.Tests\bin\Debug\net9.0\TheEnd.Tests.dll" adapterTypeName="executor://xunit/VsTestRunner2/netcoreapp" className="TheEnd.Tests.Renderer.SpriteSealedShaftDecorCacheTests" name="IdenticalFramesDoNotAllocateOrBakeAgain" />
    </UnitTest>
    <UnitTest name="TheEnd.Tests.Renderer.SpriteSealedShaftPresentationTests.AFeatureOnAnyCellRestoresTheWholeExistingAppearanceEvenWithoutAStampChange(dx: 1, dy: 2)" storage="c:\workspace\theend\theend.tests\bin\debug\net9.0\theend.tests.dll" id="16fba1d0-4f53-8e11-c2ce-095a81ea3add">
      <Execution id="339e24a1-365c-42bc-9008-4de33363dab9" />
      <TestMethod codeBase="C:\workspace\TheEnd\TheEnd.Tests\bin\Debug\net9.0\TheEnd.Tests.dll" adapterTypeName="executor://xunit/VsTestRunner2/netcoreapp" className="TheEnd.Tests.Renderer.SpriteSealedShaftPresentationTests" name="AFeatureOnAnyCellRestoresTheWholeExistingAppearanceEvenWithoutAStampChange" />
    </UnitTest>
    <UnitTest name="TheEnd.Tests.Renderer.TrimSkinTests.OnStraightWalls_EveryTickIsTheSameGlobalStroke" storage="c:\workspace\theend\theend.tests\bin\debug\net9.0\theend.tests.dll" id="e5891f90-01ee-43fd-f0c6-56242a9d7963">
      <Execution id="60d401a0-e4c1-449c-a4b1-cf521b51db79" />
      <TestMethod codeBase="C:\workspace\TheEnd\TheEnd.Tests\bin\Debug\net9.0\TheEnd.Tests.dll" adapterTypeName="executor://xunit/VsTestRunner2/netcoreapp" className="TheEnd.Tests.Renderer.TrimSkinTests" name="OnStraightWalls_EveryTickIsTheSameGlobalStroke" />
    </UnitTest>
    <UnitTest name="TheEnd.Tests.Renderer.WallRunBodyTrimSkinTests.SeparateFinalRuns_KeepTheirExactButtGap" storage="c:\workspace\theend\theend.tests\bin\debug\net9.0\theend.tests.dll" id="005c9448-e4ec-8713-04c9-88ef23f23a3c">
      <Execution id="fc41b341-711c-48a8-a77d-a1dbc67d5bf2" />
      <TestMethod codeBase="C:\workspace\TheEnd\TheEnd.Tests\bin\Debug\net9.0\TheEnd.Tests.dll" adapterTypeName="executor://xunit/VsTestRunner2/netcoreapp" className="TheEnd.Tests.Renderer.WallRunBodyTrimSkinTests" name="SeparateFinalRuns_KeepTheirExactButtGap" />
    </UnitTest>
    <UnitTest name="TheEnd.Tests.Renderer.WallRunBodyTrimSkinTests.DiagonalAndCorner_KeepOneContinuousMiteredBodyWithoutAStaircase" storage="c:\workspace\theend\theend.tests\bin\debug\net9.0\theend.tests.dll" id="759a72d4-26a2-ddad-34ec-33f8450b7457">
      <Execution id="0de36a73-0227-48f0-b711-13163277e614" />
      <TestMethod codeBase="C:\workspace\TheEnd\TheEnd.Tests\bin\Debug\net9.0\TheEnd.Tests.dll" adapterTypeName="executor://xunit/VsTestRunner2/netcoreapp" className="TheEnd.Tests.Renderer.WallRunBodyTrimSkinTests" name="DiagonalAndCorner_KeepOneContinuousMiteredBodyWithoutAStaircase" />
    </UnitTest>
    <UnitTest name="TheEnd.Tests.Renderer.SpriteSealedShaftDecorCacheTests.DecorBakeKeepsMassHatchesByteForByteAndDefaultVectorTrimUnchanged" storage="c:\workspace\theend\theend.tests\bin\debug\net9.0\theend.tests.dll" id="47c86139-c5e6-f941-cc09-5a969a328c04">
      <Execution id="03172eca-7d29-423d-801f-57c9f09fc2f2" />
      <TestMethod codeBase="C:\workspace\TheEnd\TheEnd.Tests\bin\Debug\net9.0\TheEnd.Tests.dll" adapterTypeName="executor://xunit/VsTestRunner2/netcoreapp" className="TheEnd.Tests.Renderer.SpriteSealedShaftDecorCacheTests" name="DecorBakeKeepsMassHatchesByteForByteAndDefaultVectorTrimUnchanged" />
    </UnitTest>
    <UnitTest name="TheEnd.Tests.Renderer.SpriteSealedShaftPresentationTests.UnsupportedShaftSizesKeepTheirExistingArchitecture(side: 2)" storage="c:\workspace\theend\theend.tests\bin\debug\net9.0\theend.tests.dll" id="660b62f7-f041-4fd0-dd56-a1be124bd70d">
      <Execution id="5c3804c1-4285-4d5b-a5e1-9f6593541c6c" />
      <TestMethod codeBase="C:\workspace\TheEnd\TheEnd.Tests\bin\Debug\net9.0\TheEnd.Tests.dll" adapterTypeName="executor://xunit/VsTestRunner2/netcoreapp" className="TheEnd.Tests.Renderer.SpriteSealedShaftPresentationTests" name="UnsupportedShaftSizesKeepTheirExistingArchitecture" />
    </UnitTest>
    <UnitTest name="TheEnd.Tests.Renderer.SpriteSealedShaftPresentationTests.AccessibleMachinesAreNeverMistakenForASealedCrossing(kind: DomeCage)" storage="c:\workspace\theend\theend.tests\bin\debug\net9.0\theend.tests.dll" id="12b73a54-5efe-29aa-f161-9242ecec2850">
      <Execution id="4e2292ea-c8ac-4984-98d1-e2d2b8e8ebd7" />
      <TestMethod codeBase="C:\workspace\TheEnd\TheEnd.Tests\bin\Debug\net9.0\TheEnd.Tests.dll" adapterTypeName="executor://xunit/VsTestRunner2/netcoreapp" className="TheEnd.Tests.Renderer.SpriteSealedShaftPresentationTests" name="AccessibleMachinesAreNeverMistakenForASealedCrossing" />
    </UnitTest>
    <UnitTest name="TheEnd.Tests.Renderer.TrimSkinTests.ARoom_GetsTrim" storage="c:\workspace\theend\theend.tests\bin\debug\net9.0\theend.tests.dll" id="a1e00c37-3561-e387-a7ce-62403390ee40">
      <Execution id="9bc5a416-924a-41a1-a250-cd693d50cae9" />
      <TestMethod codeBase="C:\workspace\TheEnd\TheEnd.Tests\bin\Debug\net9.0\TheEnd.Tests.dll" adapterTypeName="executor://xunit/VsTestRunner2/netcoreapp" className="TheEnd.Tests.Renderer.TrimSkinTests" name="ARoom_GetsTrim" />
    </UnitTest>
    <UnitTest name="TheEnd.Tests.Renderer.SpriteSealedShaftPresentationTests.DamagedOrOpenArchitectureCannotRemainCoveredByTheIntactCap(mutation: &quot;open-centre&quot;)" storage="c:\workspace\theend\theend.tests\bin\debug\net9.0\theend.tests.dll" id="8b0afc8e-806e-82c5-479a-504c0a6320d7">
      <Execution id="cec8148c-8e2a-4b38-879e-3c6bc8fdf747" />
      <TestMethod codeBase="C:\workspace\TheEnd\TheEnd.Tests\bin\Debug\net9.0\TheEnd.Tests.dll" adapterTypeName="executor://xunit/VsTestRunner2/netcoreapp" className="TheEnd.Tests.Renderer.SpriteSealedShaftPresentationTests" name="DamagedOrOpenArchitectureCannotRemainCoveredByTheIntactCap" />
    </UnitTest>
    <UnitTest name="TheEnd.Tests.Renderer.SpriteSealedShaftPresentationTests.DamagedOrOpenArchitectureCannotRemainCoveredByTheIntactCap(mutation: &quot;broken-wall&quot;)" storage="c:\workspace\theend\theend.tests\bin\debug\net9.0\theend.tests.dll" id="b9a43389-37ca-8a4a-c1a2-f0f53d37661d">
      <Execution id="2607060d-d54f-4aa3-a59f-7f989f030aa9" />
      <TestMethod codeBase="C:\workspace\TheEnd\TheEnd.Tests\bin\Debug\net9.0\TheEnd.Tests.dll" adapterTypeName="executor://xunit/VsTestRunner2/netcoreapp" className="TheEnd.Tests.Renderer.SpriteSealedShaftPresentationTests" name="DamagedOrOpenArchitectureCannotRemainCoveredByTheIntactCap" />
    </UnitTest>
    <UnitTest name="TheEnd.Tests.Renderer.WallRunBodyTrimSkinTests.StraightRun_DrawsTwoSymmetricNormalTrimFamilies" storage="c:\workspace\theend\theend.tests\bin\debug\net9.0\theend.tests.dll" id="f224ff8b-1863-2eff-99e2-fdd82374358e">
      <Execution id="9e80d0b8-febc-44d8-bbbd-908bdce3ad81" />
      <TestMethod codeBase="C:\workspace\TheEnd\TheEnd.Tests\bin\Debug\net9.0\TheEnd.Tests.dll" adapterTypeName="executor://xunit/VsTestRunner2/netcoreapp" className="TheEnd.Tests.Renderer.WallRunBodyTrimSkinTests" name="StraightRun_DrawsTwoSymmetricNormalTrimFamilies" />
    </UnitTest>
    <UnitTest name="TheEnd.Tests.Renderer.DomeTrimSingleStylingTests.StylingAPublishedDomeRingAgain_MovesIt(seed: 12345)" storage="c:\workspace\theend\theend.tests\bin\debug\net9.0\theend.tests.dll" id="4ce5a6a3-a3a0-7997-253d-1d6def005f5b">
      <Execution id="59eac74f-b71c-431b-9fb7-4d9b35c06c62" />
      <TestMethod codeBase="C:\workspace\TheEnd\TheEnd.Tests\bin\Debug\net9.0\TheEnd.Tests.dll" adapterTypeName="executor://xunit/VsTestRunner2/netcoreapp" className="TheEnd.Tests.Renderer.DomeTrimSingleStylingTests" name="StylingAPublishedDomeRingAgain_MovesIt" />
    </UnitTest>
    <UnitTest name="TheEnd.Tests.Renderer.SpriteSealedShaftBankTests.AContinuousRaisedCoverClosesTheCentreInsteadOfLeavingAnOpenWell" storage="c:\workspace\theend\theend.tests\bin\debug\net9.0\theend.tests.dll" id="5fc81df9-8db7-1013-c076-aedf9642d805">
      <Execution id="e61f6e9f-d141-46e4-a34d-633acf3a61c6" />
      <TestMethod codeBase="C:\workspace\TheEnd\TheEnd.Tests\bin\Debug\net9.0\TheEnd.Tests.dll" adapterTypeName="executor://xunit/VsTestRunner2/netcoreapp" className="TheEnd.Tests.Renderer.SpriteSealedShaftBankTests" name="AContinuousRaisedCoverClosesTheCentreInsteadOfLeavingAnOpenWell" />
    </UnitTest>
    <UnitTest name="TheEnd.Tests.Renderer.SpriteSealedShaftPresentationTests.UnsupportedShaftSizesKeepTheirExistingArchitecture(side: 4)" storage="c:\workspace\theend\theend.tests\bin\debug\net9.0\theend.tests.dll" id="42037e2c-14a7-69fd-0cf7-6a899ff8fbe5">
      <Execution id="460de6ee-1726-4142-9266-9a7ba79d9818" />
      <TestMethod codeBase="C:\workspace\TheEnd\TheEnd.Tests\bin\Debug\net9.0\TheEnd.Tests.dll" adapterTypeName="executor://xunit/VsTestRunner2/netcoreapp" className="TheEnd.Tests.Renderer.SpriteSealedShaftPresentationTests" name="UnsupportedShaftSizesKeepTheirExistingArchitecture" />
    </UnitTest>
    <UnitTest name="TheEnd.Tests.Renderer.SpriteSealedShaftDecorCacheTests.AuthoredCasingLosesItsBlackFieldRailAndNodesButKeepsOtherContours(cellSize: 48, fine: False)" storage="c:\workspace\theend\theend.tests\bin\debug\net9.0\theend.tests.dll" id="6e0f2d8a-7b6b-e2cf-bafb-05727a5c00ba">
      <Execution id="cd4d4725-61c7-4f43-99b6-24575aeda8ca" />
      <TestMethod codeBase="C:\workspace\TheEnd\TheEnd.Tests\bin\Debug\net9.0\TheEnd.Tests.dll" adapterTypeName="executor://xunit/VsTestRunner2/netcoreapp" className="TheEnd.Tests.Renderer.SpriteSealedShaftDecorCacheTests" name="AuthoredCasingLosesItsBlackFieldRailAndNodesButKeepsOtherContours" />
    </UnitTest>
    <UnitTest name="TheEnd.Tests.Renderer.SpriteSealedShaftPresentationTests.AFeatureOnAnyCellRestoresTheWholeExistingAppearanceEvenWithoutAStampChange(dx: 1, dy: 0)" storage="c:\workspace\theend\theend.tests\bin\debug\net9.0\theend.tests.dll" id="9b78a859-da4c-8fac-ebda-44babb5fcedd">
      <Execution id="a67c8f44-aa45-4db8-ae35-61c340a16d63" />
      <TestMethod codeBase="C:\workspace\TheEnd\TheEnd.Tests\bin\Debug\net9.0\TheEnd.Tests.dll" adapterTypeName="executor://xunit/VsTestRunner2/netcoreapp" className="TheEnd.Tests.Renderer.SpriteSealedShaftPresentationTests" name="AFeatureOnAnyCellRestoresTheWholeExistingAppearanceEvenWithoutAStampChange" />
    </UnitTest>
    <UnitTest name="TheEnd.Tests.Renderer.TrimSkinTests.NothingTheTrimDraws_ReachesTheWallsNearRail" storage="c:\workspace\theend\theend.tests\bin\debug\net9.0\theend.tests.dll" id="8ce52599-0d96-945f-3f40-a284c3524473">
      <Execution id="a0046f50-4964-499a-b9bb-6d6151f9da4d" />
      <TestMethod codeBase="C:\workspace\TheEnd\TheEnd.Tests\bin\Debug\net9.0\TheEnd.Tests.dll" adapterTypeName="executor://xunit/VsTestRunner2/netcoreapp" className="TheEnd.Tests.Renderer.TrimSkinTests" name="NothingTheTrimDraws_ReachesTheWallsNearRail" />
    </UnitTest>
    <UnitTest name="TheEnd.Tests.Renderer.SpriteSealedShaftPresentationTests.CurrentWallSourcesMustReallyCarryEveryPerimeterEdge" storage="c:\workspace\theend\theend.tests\bin\debug\net9.0\theend.tests.dll" id="b3f5556f-0398-40eb-42d1-6a0a90c13c25">
      <Execution id="d59c29cf-e04d-4d24-9031-795aa7301c65" />
      <TestMethod codeBase="C:\workspace\TheEnd\TheEnd.Tests\bin\Debug\net9.0\TheEnd.Tests.dll" adapterTypeName="executor://xunit/VsTestRunner2/netcoreapp" className="TheEnd.Tests.Renderer.SpriteSealedShaftPresentationTests" name="CurrentWallSourcesMustReallyCarryEveryPerimeterEdge" />
    </UnitTest>
    <UnitTest name="TheEnd.Tests.Renderer.SpriteSealedShaftPresentationTests.AFeatureOnAnyCellRestoresTheWholeExistingAppearanceEvenWithoutAStampChange(dx: 0, dy: 1)" storage="c:\workspace\theend\theend.tests\bin\debug\net9.0\theend.tests.dll" id="9866630d-9c2c-dcf5-56dd-4208e2ea71de">
      <Execution id="e3e33fd7-f3ca-4aed-8cc2-e659e60458c9" />
      <TestMethod codeBase="C:\workspace\TheEnd\TheEnd.Tests\bin\Debug\net9.0\TheEnd.Tests.dll" adapterTypeName="executor://xunit/VsTestRunner2/netcoreapp" className="TheEnd.Tests.Renderer.SpriteSealedShaftPresentationTests" name="AFeatureOnAnyCellRestoresTheWholeExistingAppearanceEvenWithoutAStampChange" />
    </UnitTest>
    <UnitTest name="TheEnd.Tests.Renderer.WallRunBodyTrimSkinTests.OwnershipCutsKeepOneSourceWideTickPhase" storage="c:\workspace\theend\theend.tests\bin\debug\net9.0\theend.tests.dll" id="2936d259-62ba-73f7-bf01-ab5f0fd81695">
      <Execution id="b44e521a-78c3-4227-8300-8ed640c0fbfd" />
      <TestMethod codeBase="C:\workspace\TheEnd\TheEnd.Tests\bin\Debug\net9.0\TheEnd.Tests.dll" adapterTypeName="executor://xunit/VsTestRunner2/netcoreapp" className="TheEnd.Tests.Renderer.WallRunBodyTrimSkinTests" name="OwnershipCutsKeepOneSourceWideTickPhase" />
    </UnitTest>
    <UnitTest name="TheEnd.Tests.Renderer.SpriteSealedShaftPresentationTests.AFeatureOnAnyCellRestoresTheWholeExistingAppearanceEvenWithoutAStampChange(dx: 0, dy: 2)" storage="c:\workspace\theend\theend.tests\bin\debug\net9.0\theend.tests.dll" id="fef91df4-6607-d50a-5878-41158b1ac9e7">
      <Execution id="4c00d698-13fa-480b-826e-fdd860d1906a" />
      <TestMethod codeBase="C:\workspace\TheEnd\TheEnd.Tests\bin\Debug\net9.0\TheEnd.Tests.dll" adapterTypeName="executor://xunit/VsTestRunner2/netcoreapp" className="TheEnd.Tests.Renderer.SpriteSealedShaftPresentationTests" name="AFeatureOnAnyCellRestoresTheWholeExistingAppearanceEvenWithoutAStampChange" />
    </UnitTest>
    <UnitTest name="TheEnd.Tests.Renderer.DomeTrimSingleStylingTests.StylingAPublishedDomeRingAgain_MovesIt(seed: 777)" storage="c:\workspace\theend\theend.tests\bin\debug\net9.0\theend.tests.dll" id="38957090-0d0b-1508-c628-3867afd228e0">
      <Execution id="66e4e816-1ed1-4ec9-86da-ee0c25e8b724" />
      <TestMethod codeBase="C:\workspace\TheEnd\TheEnd.Tests\bin\Debug\net9.0\TheEnd.Tests.dll" adapterTypeName="executor://xunit/VsTestRunner2/netcoreapp" className="TheEnd.Tests.Renderer.DomeTrimSingleStylingTests" name="StylingAPublishedDomeRingAgain_MovesIt" />
    </UnitTest>
    <UnitTest name="TheEnd.Tests.Renderer.SpriteSealedShaftDecorCacheTests.UnavailableModelsNeverBakeAndFailedNewSourcesNeverExposeAnOldBatch" storage="c:\workspace\theend\theend.tests\bin\debug\net9.0\theend.tests.dll" id="b7a97231-0e64-89cd-592e-f4c34877a598">
      <Execution id="f7ffbe5f-e996-4ab2-98bf-cec3ee4d25bc" />
      <TestMethod codeBase="C:\workspace\TheEnd\TheEnd.Tests\bin\Debug\net9.0\TheEnd.Tests.dll" adapterTypeName="executor://xunit/VsTestRunner2/netcoreapp" className="TheEnd.Tests.Renderer.SpriteSealedShaftDecorCacheTests" name="UnavailableModelsNeverBakeAndFailedNewSourcesNeverExposeAnOldBatch" />
    </UnitTest>
    <UnitTest name="TheEnd.Tests.Renderer.SpriteSealedShaftPresentationTests.CrossingUsesPhysicalDeckDepthAndTheActualClosedCasing" storage="c:\workspace\theend\theend.tests\bin\debug\net9.0\theend.tests.dll" id="0d22cabd-b70d-7d20-b0e0-9011497ae78f">
      <Execution id="06e3be37-b044-4caa-9f0c-39498a0209d8" />
      <TestMethod codeBase="C:\workspace\TheEnd\TheEnd.Tests\bin\Debug\net9.0\TheEnd.Tests.dll" adapterTypeName="executor://xunit/VsTestRunner2/netcoreapp" className="TheEnd.Tests.Renderer.SpriteSealedShaftPresentationTests" name="CrossingUsesPhysicalDeckDepthAndTheActualClosedCasing" />
    </UnitTest>
    <UnitTest name="TheEnd.Tests.Renderer.SpriteSealedShaftBankTests.InstalledCasingIsAnOpaquePaintedRigidObjectWithinItsReservedFootprint" storage="c:\workspace\theend\theend.tests\bin\debug\net9.0\theend.tests.dll" id="f643d71b-41de-f2aa-ddaf-e04d275d5bbe">
      <Execution id="f7431209-150d-45f7-91c2-a0cecde02c65" />
      <TestMethod codeBase="C:\workspace\TheEnd\TheEnd.Tests\bin\Debug\net9.0\TheEnd.Tests.dll" adapterTypeName="executor://xunit/VsTestRunner2/netcoreapp" className="TheEnd.Tests.Renderer.SpriteSealedShaftBankTests" name="InstalledCasingIsAnOpaquePaintedRigidObjectWithinItsReservedFootprint" />
    </UnitTest>
    <UnitTest name="TheEnd.Tests.Renderer.WallRunBodyTrimSkinTests.TicksUseTheNormalTrimCellSizeAndDetailBudget(cellSize: 32, width: 200, height: 200, expected: False)" storage="c:\workspace\theend\theend.tests\bin\debug\net9.0\theend.tests.dll" id="23d84370-051b-d94d-a2b4-d3e609147b2f">
      <Execution id="cf6e72b4-8496-43e9-9f88-52e5cdb8acca" />
      <TestMethod codeBase="C:\workspace\TheEnd\TheEnd.Tests\bin\Debug\net9.0\TheEnd.Tests.dll" adapterTypeName="executor://xunit/VsTestRunner2/netcoreapp" className="TheEnd.Tests.Renderer.WallRunBodyTrimSkinTests" name="TicksUseTheNormalTrimCellSizeAndDetailBudget" />
    </UnitTest>
    <UnitTest name="TheEnd.Tests.Renderer.SpriteSealedShaftPresentationTests.AFeatureOnAnyCellRestoresTheWholeExistingAppearanceEvenWithoutAStampChange(dx: 2, dy: 1)" storage="c:\workspace\theend\theend.tests\bin\debug\net9.0\theend.tests.dll" id="bb1f94f7-beb3-6d7d-64d6-267564a37206">
      <Execution id="4e1e885d-afe8-4ad8-ad58-21793c9a812b" />
      <TestMethod codeBase="C:\workspace\TheEnd\TheEnd.Tests\bin\Debug\net9.0\TheEnd.Tests.dll" adapterTypeName="executor://xunit/VsTestRunner2/netcoreapp" className="TheEnd.Tests.Renderer.SpriteSealedShaftPresentationTests" name="AFeatureOnAnyCellRestoresTheWholeExistingAppearanceEvenWithoutAStampChange" />
    </UnitTest>
    <UnitTest name="TheEnd.Tests.Renderer.SpriteSealedShaftPresentationTests.AirCursorCorruptionRoutePowerAndUnrelatedStructureEditsDoNotInvalidateThePose" storage="c:\workspace\theend\theend.tests\bin\debug\net9.0\theend.tests.dll" id="688d193e-7902-1c09-7aa4-3b260dbdb251">
      <Execution id="d7b55c3c-b7b5-4bb8-91bf-9568599d5d6e" />
      <TestMethod codeBase="C:\workspace\TheEnd\TheEnd.Tests\bin\Debug\net9.0\TheEnd.Tests.dll" adapterTypeName="executor://xunit/VsTestRunner2/netcoreapp" className="TheEnd.Tests.Renderer.SpriteSealedShaftPresentationTests" name="AirCursorCorruptionRoutePowerAndUnrelatedStructureEditsDoNotInvalidateThePose" />
    </UnitTest>
    <UnitTest name="TheEnd.Tests.Renderer.SpriteSealedShaftPresentationTests.ARouteMustBeAlignedAndSpanTheDomeBetweenKnownDecks" storage="c:\workspace\theend\theend.tests\bin\debug\net9.0\theend.tests.dll" id="d2788561-ebce-1465-ab02-845c9af495c7">
      <Execution id="838b2a81-ebcc-4bd9-95eb-0a0d8733e18c" />
      <TestMethod codeBase="C:\workspace\TheEnd\TheEnd.Tests\bin\Debug\net9.0\TheEnd.Tests.dll" adapterTypeName="executor://xunit/VsTestRunner2/netcoreapp" className="TheEnd.Tests.Renderer.SpriteSealedShaftPresentationTests" name="ARouteMustBeAlignedAndSpanTheDomeBetweenKnownDecks" />
    </UnitTest>
    <UnitTest name="TheEnd.Tests.Renderer.SpriteSealedShaftPresentationTests.UnsupportedShaftSizesKeepTheirExistingArchitecture(side: 1)" storage="c:\workspace\theend\theend.tests\bin\debug\net9.0\theend.tests.dll" id="ea45be73-5641-c5bb-2671-979d25f47b8e">
      <Execution id="68b4987a-3c05-475e-b719-8c228057f0f6" />
      <TestMethod codeBase="C:\workspace\TheEnd\TheEnd.Tests\bin\Debug\net9.0\TheEnd.Tests.dll" adapterTypeName="executor://xunit/VsTestRunner2/netcoreapp" className="TheEnd.Tests.Renderer.SpriteSealedShaftPresentationTests" name="UnsupportedShaftSizesKeepTheirExistingArchitecture" />
    </UnitTest>
    <UnitTest name="TheEnd.Tests.Renderer.SpriteSealedShaftDecorCacheTests.WarmDetailAndBackendRoundTripsReuseExactlyTwoBatches" storage="c:\workspace\theend\theend.tests\bin\debug\net9.0\theend.tests.dll" id="1b9dfd3f-aa39-c1cc-76da-248e9fdaacc5">
      <Execution id="f8ea6732-eab1-4b24-9a4c-c27ce0954a56" />
      <TestMethod codeBase="C:\workspace\TheEnd\TheEnd.Tests\bin\Debug\net9.0\TheEnd.Tests.dll" adapterTypeName="executor://xunit/VsTestRunner2/netcoreapp" className="TheEnd.Tests.Renderer.SpriteSealedShaftDecorCacheTests" name="WarmDetailAndBackendRoundTripsReuseExactlyTwoBatches" />
    </UnitTest>
    <UnitTest name="TheEnd.Tests.Renderer.SpriteSealedShaftPresentationTests.IdenticalFramesReuseTheListWithoutAllocations" storage="c:\workspace\theend\theend.tests\bin\debug\net9.0\theend.tests.dll" id="a1e5557b-7066-958f-a770-331e94176a32">
      <Execution id="d78ce260-e894-4e11-9a9d-9c2e2d7bc5f9" />
      <TestMethod codeBase="C:\workspace\TheEnd\TheEnd.Tests\bin\Debug\net9.0\TheEnd.Tests.dll" adapterTypeName="executor://xunit/VsTestRunner2/netcoreapp" className="TheEnd.Tests.Renderer.SpriteSealedShaftPresentationTests" name="IdenticalFramesReuseTheListWithoutAllocations" />
    </UnitTest>
    <UnitTest name="TheEnd.Tests.Renderer.SpriteSealedShaftPresentationTests.DamagedOrOpenArchitectureCannotRemainCoveredByTheIntactCap(mutation: &quot;missing-wall&quot;)" storage="c:\workspace\theend\theend.tests\bin\debug\net9.0\theend.tests.dll" id="4d72aeec-7af3-c25a-e736-22a377331768">
      <Execution id="5e34346d-3c51-4c69-8530-394844e345d5" />
      <TestMethod codeBase="C:\workspace\TheEnd\TheEnd.Tests\bin\Debug\net9.0\TheEnd.Tests.dll" adapterTypeName="executor://xunit/VsTestRunner2/netcoreapp" className="TheEnd.Tests.Renderer.SpriteSealedShaftPresentationTests" name="DamagedOrOpenArchitectureCannotRemainCoveredByTheIntactCap" />
    </UnitTest>
    <UnitTest name="TheEnd.Tests.Renderer.SpriteSealedShaftDecorCacheTests.SceneModelRevisionAndBudgetSelectFreshDataWithABoundedLru" storage="c:\workspace\theend\theend.tests\bin\debug\net9.0\theend.tests.dll" id="d5315a9d-5d0e-2997-9005-d7881ab9b99a">
      <Execution id="172efb4c-41f0-44d0-83e9-88785a82c13b" />
      <TestMethod codeBase="C:\workspace\TheEnd\TheEnd.Tests\bin\Debug\net9.0\TheEnd.Tests.dll" adapterTypeName="executor://xunit/VsTestRunner2/netcoreapp" className="TheEnd.Tests.Renderer.SpriteSealedShaftDecorCacheTests" name="SceneModelRevisionAndBudgetSelectFreshDataWithABoundedLru" />
    </UnitTest>
  </TestDefinitions>
  <TestEntries>
    <TestEntry testId="b7a97231-0e64-89cd-592e-f4c34877a598" executionId="f7ffbe5f-e996-4ab2-98bf-cec3ee4d25bc" testListId="8c84fa94-04c1-424b-9868-57a2d4851a1d" />
    <TestEntry testId="43c5633c-8ece-25b8-a6c7-661891faa35b" executionId="d7e46849-d5c4-4bc9-a9bd-24754f8f805d" testListId="8c84fa94-04c1-424b-9868-57a2d4851a1d" />
    <TestEntry testId="42037e2c-14a7-69fd-0cf7-6a899ff8fbe5" executionId="460de6ee-1726-4142-9266-9a7ba79d9818" testListId="8c84fa94-04c1-424b-9868-57a2d4851a1d" />
    <TestEntry testId="6ba60838-6738-4290-b622-9773ee4c215b" executionId="e6dd9f77-874c-4c32-871b-a9d1b014d5a0" testListId="8c84fa94-04c1-424b-9868-57a2d4851a1d" />
    <TestEntry testId="4d72aeec-7af3-c25a-e736-22a377331768" executionId="5e34346d-3c51-4c69-8530-394844e345d5" testListId="8c84fa94-04c1-424b-9868-57a2d4851a1d" />
    <TestEntry testId="759a72d4-26a2-ddad-34ec-33f8450b7457" executionId="0de36a73-0227-48f0-b711-13163277e614" testListId="8c84fa94-04c1-424b-9868-57a2d4851a1d" />
    <TestEntry testId="9b78a859-da4c-8fac-ebda-44babb5fcedd" executionId="a67c8f44-aa45-4db8-ae35-61c340a16d63" testListId="8c84fa94-04c1-424b-9868-57a2d4851a1d" />
    <TestEntry testId="40796f88-ff8a-4765-4619-068497b674a2" executionId="c334632b-e4b9-461f-afa3-292efc6780ba" testListId="8c84fa94-04c1-424b-9868-57a2d4851a1d" />
    <TestEntry testId="8d1745fc-4644-9b9d-a6d8-3dfb2e8b8d75" executionId="5bd51d5d-3098-4680-92b1-e1f3d7c7c2aa" testListId="8c84fa94-04c1-424b-9868-57a2d4851a1d" />
    <TestEntry testId="6e0f2d8a-7b6b-e2cf-bafb-05727a5c00ba" executionId="cd4d4725-61c7-4f43-99b6-24575aeda8ca" testListId="8c84fa94-04c1-424b-9868-57a2d4851a1d" />
    <TestEntry testId="660b62f7-f041-4fd0-dd56-a1be124bd70d" executionId="5c3804c1-4285-4d5b-a5e1-9f6593541c6c" testListId="8c84fa94-04c1-424b-9868-57a2d4851a1d" />
    <TestEntry testId="d5315a9d-5d0e-2997-9005-d7881ab9b99a" executionId="172efb4c-41f0-44d0-83e9-88785a82c13b" testListId="8c84fa94-04c1-424b-9868-57a2d4851a1d" />
    <TestEntry testId="31a40711-f53b-c8c7-dd28-500689de1779" executionId="b25842de-3278-4b57-bdf4-a647db3ef4a9" testListId="8c84fa94-04c1-424b-9868-57a2d4851a1d" />
    <TestEntry testId="7148c1dc-3552-f59c-a90c-bcbdbf8ab7c0" executionId="bdd89ae2-11b6-447e-b257-a0567df872d7" testListId="8c84fa94-04c1-424b-9868-57a2d4851a1d" />
    <TestEntry testId="e5891f90-01ee-43fd-f0c6-56242a9d7963" executionId="60d401a0-e4c1-449c-a4b1-cf521b51db79" testListId="8c84fa94-04c1-424b-9868-57a2d4851a1d" />
    <TestEntry testId="5086859d-500f-1ee8-40e3-bb5475f0ad2c" executionId="856ced80-99bb-44e7-a6a5-f22e691c6b74" testListId="8c84fa94-04c1-424b-9868-57a2d4851a1d" />
    <TestEntry testId="acd16c3a-dd15-ec8e-6a8f-4bf48a0a08a8" executionId="c4e375da-7e92-4606-9d21-c40a20c8305c" testListId="8c84fa94-04c1-424b-9868-57a2d4851a1d" />
    <TestEntry testId="0d22cabd-b70d-7d20-b0e0-9011497ae78f" executionId="06e3be37-b044-4caa-9f0c-39498a0209d8" testListId="8c84fa94-04c1-424b-9868-57a2d4851a1d" />
    <TestEntry testId="8b0afc8e-806e-82c5-479a-504c0a6320d7" executionId="cec8148c-8e2a-4b38-879e-3c6bc8fdf747" testListId="8c84fa94-04c1-424b-9868-57a2d4851a1d" />
    <TestEntry testId="f643d71b-41de-f2aa-ddaf-e04d275d5bbe" executionId="f7431209-150d-45f7-91c2-a0cecde02c65" testListId="8c84fa94-04c1-424b-9868-57a2d4851a1d" />
    <TestEntry testId="a1e00c37-3561-e387-a7ce-62403390ee40" executionId="9bc5a416-924a-41a1-a250-cd693d50cae9" testListId="8c84fa94-04c1-424b-9868-57a2d4851a1d" />
    <TestEntry testId="12b73a54-5efe-29aa-f161-9242ecec2850" executionId="4e2292ea-c8ac-4984-98d1-e2d2b8e8ebd7" testListId="8c84fa94-04c1-424b-9868-57a2d4851a1d" />
    <TestEntry testId="924c3e0e-b12b-e983-8d78-c6b3271db132" executionId="b63df6d7-4564-4077-95ce-8ed6f91d1237" testListId="8c84fa94-04c1-424b-9868-57a2d4851a1d" />
    <TestEntry testId="8ce52599-0d96-945f-3f40-a284c3524473" executionId="a0046f50-4964-499a-b9bb-6d6151f9da4d" testListId="8c84fa94-04c1-424b-9868-57a2d4851a1d" />
    <TestEntry testId="fef91df4-6607-d50a-5878-41158b1ac9e7" executionId="4c00d698-13fa-480b-826e-fdd860d1906a" testListId="8c84fa94-04c1-424b-9868-57a2d4851a1d" />
    <TestEntry testId="f224ff8b-1863-2eff-99e2-fdd82374358e" executionId="9e80d0b8-febc-44d8-bbbd-908bdce3ad81" testListId="8c84fa94-04c1-424b-9868-57a2d4851a1d" />
    <TestEntry testId="688d193e-7902-1c09-7aa4-3b260dbdb251" executionId="d7b55c3c-b7b5-4bb8-91bf-9568599d5d6e" testListId="8c84fa94-04c1-424b-9868-57a2d4851a1d" />
    <TestEntry testId="5fc81df9-8db7-1013-c076-aedf9642d805" executionId="e61f6e9f-d141-46e4-a34d-633acf3a61c6" testListId="8c84fa94-04c1-424b-9868-57a2d4851a1d" />
    <TestEntry testId="cddfeca4-8f03-bf97-fa81-c4021705161a" executionId="3c91b588-ceb7-437b-999c-018f53a24714" testListId="8c84fa94-04c1-424b-9868-57a2d4851a1d" />
    <TestEntry testId="4ce5a6a3-a3a0-7997-253d-1d6def005f5b" executionId="59eac74f-b71c-431b-9fb7-4d9b35c06c62" testListId="8c84fa94-04c1-424b-9868-57a2d4851a1d" />
    <TestEntry testId="4ddee3ee-f19d-9d18-1275-1e6b6d1004c1" executionId="bb2a14d5-c771-45d4-9f7b-11fa36a74609" testListId="8c84fa94-04c1-424b-9868-57a2d4851a1d" />
    <TestEntry testId="ea45be73-5641-c5bb-2671-979d25f47b8e" executionId="68b4987a-3c05-475e-b719-8c228057f0f6" testListId="8c84fa94-04c1-424b-9868-57a2d4851a1d" />
    <TestEntry testId="ed5d126e-e1b8-f9b3-21ee-ce63f8d8f350" executionId="d1409c8a-6a23-4a42-a293-2ba46823ed9a" testListId="8c84fa94-04c1-424b-9868-57a2d4851a1d" />
    <TestEntry testId="2936d259-62ba-73f7-bf01-ab5f0fd81695" executionId="b44e521a-78c3-4227-8300-8ed640c0fbfd" testListId="8c84fa94-04c1-424b-9868-57a2d4851a1d" />
    <TestEntry testId="005c9448-e4ec-8713-04c9-88ef23f23a3c" executionId="fc41b341-711c-48a8-a77d-a1dbc67d5bf2" testListId="8c84fa94-04c1-424b-9868-57a2d4851a1d" />
    <TestEntry testId="23d84370-051b-d94d-a2b4-d3e609147b2f" executionId="cf6e72b4-8496-43e9-9f88-52e5cdb8acca" testListId="8c84fa94-04c1-424b-9868-57a2d4851a1d" />
    <TestEntry testId="7bdac757-9eac-232f-b8f6-5bf8e5fa2fa8" executionId="f0a65c6b-7fac-44d3-8117-4228f3efc6ca" testListId="8c84fa94-04c1-424b-9868-57a2d4851a1d" />
    <TestEntry testId="d2788561-ebce-1465-ab02-845c9af495c7" executionId="838b2a81-ebcc-4bd9-95eb-0a0d8733e18c" testListId="8c84fa94-04c1-424b-9868-57a2d4851a1d" />
    <TestEntry testId="1b9dfd3f-aa39-c1cc-76da-248e9fdaacc5" executionId="f8ea6732-eab1-4b24-9a4c-c27ce0954a56" testListId="8c84fa94-04c1-424b-9868-57a2d4851a1d" />
    <TestEntry testId="b9a43389-37ca-8a4a-c1a2-f0f53d37661d" executionId="2607060d-d54f-4aa3-a59f-7f989f030aa9" testListId="8c84fa94-04c1-424b-9868-57a2d4851a1d" />
    <TestEntry testId="e600ec8f-59b9-e6f9-9b75-818340a4fe4c" executionId="6d9f6d6d-e9da-4b3a-9e19-ce737f2be930" testListId="8c84fa94-04c1-424b-9868-57a2d4851a1d" />
    <TestEntry testId="b3f5556f-0398-40eb-42d1-6a0a90c13c25" executionId="d59c29cf-e04d-4d24-9031-795aa7301c65" testListId="8c84fa94-04c1-424b-9868-57a2d4851a1d" />
    <TestEntry testId="9866630d-9c2c-dcf5-56dd-4208e2ea71de" executionId="e3e33fd7-f3ca-4aed-8cc2-e659e60458c9" testListId="8c84fa94-04c1-424b-9868-57a2d4851a1d" />
    <TestEntry testId="16fba1d0-4f53-8e11-c2ce-095a81ea3add" executionId="339e24a1-365c-42bc-9008-4de33363dab9" testListId="8c84fa94-04c1-424b-9868-57a2d4851a1d" />
    <TestEntry testId="44a105c7-2476-bf47-30d3-25fad7bb2ed9" executionId="34a28df3-35de-45c9-9824-453678a9ca36" testListId="8c84fa94-04c1-424b-9868-57a2d4851a1d" />
    <TestEntry testId="a1e5557b-7066-958f-a770-331e94176a32" executionId="d78ce260-e894-4e11-9a9d-9c2e2d7bc5f9" testListId="8c84fa94-04c1-424b-9868-57a2d4851a1d" />
    <TestEntry testId="38957090-0d0b-1508-c628-3867afd228e0" executionId="66e4e816-1ed1-4ec9-86da-ee0c25e8b724" testListId="8c84fa94-04c1-424b-9868-57a2d4851a1d" />
    <TestEntry testId="d161999e-5220-cbed-1265-563c796083ff" executionId="9dacf437-96be-428e-94bf-fb4f0cbd0419" testListId="8c84fa94-04c1-424b-9868-57a2d4851a1d" />
    <TestEntry testId="47c86139-c5e6-f941-cc09-5a969a328c04" executionId="03172eca-7d29-423d-801f-57c9f09fc2f2" testListId="8c84fa94-04c1-424b-9868-57a2d4851a1d" />
    <TestEntry testId="bb1f94f7-beb3-6d7d-64d6-267564a37206" executionId="4e1e885d-afe8-4ad8-ad58-21793c9a812b" testListId="8c84fa94-04c1-424b-9868-57a2d4851a1d" />
  </TestEntries>
  <TestLists>
    <TestList name="Les résultats ne figurent pas dans une liste" id="8c84fa94-04c1-424b-9868-57a2d4851a1d" />
    <TestList name="Tous les résultats chargés" id="19431567-8539-422a-85d7-44ee4e166bda" />
  </TestLists>
  <ResultSummary outcome="Completed">
    <Counters total="50" executed="50" passed="50" failed="0" error="0" timeout="0" aborted="0" inconclusive="0" passedButRunAborted="0" notRunnable="0" notExecuted="0" disconnected="0" warning="0" completed="0" inProgress="0" pending="0" />
    <Output>
      <StdOut>[xUnit.net 00:00:00.00] xUnit.net VSTest Adapter v2.8.2+699d445a1a (64-bit .NET 9.0.14)&#xD;
[xUnit.net 00:00:00.08]   Discovering: TheEnd.Tests&#xD;
[xUnit.net 00:00:00.41]   Discovered:  TheEnd.Tests&#xD;
[xUnit.net 00:00:00.42]   Starting:    TheEnd.Tests&#xD;
[xUnit.net 00:00:13.87]   Finished:    TheEnd.Tests&#xD;
</StdOut>
    </Output>
  </ResultSummary>
</TestRun>