<?xml version="1.0" encoding="utf-8"?>
<TestRun id="dc7137a0-4ebf-4ad9-ba64-cfc54aae9355" name="anaki@ROLEPLAY-GAMER 2026-09-13 11:33:57" runUser="ROLEPLAY-GAMER\anaki" xmlns="http://microsoft.com/schemas/VisualStudio/TeamTest/2010">
  <Times creation="2026-09-13T11:33:57.2994025+02:00" queuing="2026-09-13T11:33:57.2994029+02:00" start="2026-09-13T11:33:56.4386972+02:00" finish="2026-09-13T11:33:57.3172701+02:00" />
  <TestSettings name="default" id="c994324d-7412-40f7-b45e-265a298bfcfa">
    <Deployment runDeploymentRoot="anaki_ROLEPLAY-GAMER_2026-09-13_11_33_57" />
  </TestSettings>
  <Results>
    <UnitTestResult executionId="b359ff99-21cd-4150-9b0a-32d06d3042e3" testId="43c5633c-8ece-25b8-a6c7-661891faa35b" testName="TheEnd.Tests.Renderer.SpriteSealedShaftPresentationTests.AFeatureOnAnyCellRestoresTheWholeExistingAppearanceEvenWithoutAStampChange(dx: 2, dy: 0)" computerName="ROLEPLAY-GAMER" duration="00:00:00.0000541" startTime="2026-09-13T11:33:57.2645227+02:00" endTime="2026-09-13T11:33:57.2645228+02:00" testType="13cdc9d9-ddb5-4fa4-a97d-d965ccfc6d4b" outcome="Passed" testListId="8c84fa94-04c1-424b-9868-57a2d4851a1d" relativeResultsDirectory="b359ff99-21cd-4150-9b0a-32d06d3042e3" />
    <UnitTestResult executionId="5775e359-b39a-4163-a9b5-6a2c77f8d5ee" testId="ea45be73-5641-c5bb-2671-979d25f47b8e" testName="TheEnd.Tests.Renderer.SpriteSealedShaftPresentationTests.UnsupportedShaftSizesKeepTheirExistingArchitecture(side: 1)" computerName="ROLEPLAY-GAMER" duration="00:00:00.0001559" startTime="2026-09-13T11:33:57.2784819+02:00" endTime="2026-09-13T11:33:57.2784819+02:00" testType="13cdc9d9-ddb5-4fa4-a97d-d965ccfc6d4b" outcome="Passed" testListId="8c84fa94-04c1-424b-9868-57a2d4851a1d" relativeResultsDirectory="5775e359-b39a-4163-a9b5-6a2c77f8d5ee" />
    <UnitTestResult executionId="430c2bdf-ade4-44b3-bd4d-62e35ae3b1bb" testId="d161999e-5220-cbed-1265-563c796083ff" testName="TheEnd.Tests.Renderer.SpriteSealedShaftPresentationTests.MutableRouteListsAndDisabledBanksCannotLeaveAStaleModel" computerName="ROLEPLAY-GAMER" duration="00:00:00.0002610" startTime="2026-09-13T11:33:57.2794640+02:00" endTime="2026-09-13T11:33:57.2794640+02:00" testType="13cdc9d9-ddb5-4fa4-a97d-d965ccfc6d4b" outcome="Passed" testListId="8c84fa94-04c1-424b-9868-57a2d4851a1d" relativeResultsDirectory="430c2bdf-ade4-44b3-bd4d-62e35ae3b1bb" />
    <UnitTestResult executionId="ac0006a5-6681-4ce4-937e-f88144f58c4e" testId="bb1f94f7-beb3-6d7d-64d6-267564a37206" testName="TheEnd.Tests.Renderer.SpriteSealedShaftPresentationTests.AFeatureOnAnyCellRestoresTheWholeExistingAppearanceEvenWithoutAStampChange(dx: 2, dy: 1)" computerName="ROLEPLAY-GAMER" duration="00:00:00.0000482" startTime="2026-09-13T11:33:57.2783526+02:00" endTime="2026-09-13T11:33:57.2783527+02:00" testType="13cdc9d9-ddb5-4fa4-a97d-d965ccfc6d4b" outcome="Passed" testListId="8c84fa94-04c1-424b-9868-57a2d4851a1d" relativeResultsDirectory="ac0006a5-6681-4ce4-937e-f88144f58c4e" />
    <UnitTestResult executionId="6f390bfd-268a-4dc2-acfd-9156fc9b455b" testId="acd16c3a-dd15-ec8e-6a8f-4bf48a0a08a8" testName="TheEnd.Tests.Renderer.SpriteSealedShaftPresentationTests.AFeatureOnAnyCellRestoresTheWholeExistingAppearanceEvenWithoutAStampChange(dx: 0, dy: 0)" computerName="ROLEPLAY-GAMER" duration="00:00:00.0000472" startTime="2026-09-13T11:33:57.2645952+02:00" endTime="2026-09-13T11:33:57.2645952+02:00" testType="13cdc9d9-ddb5-4fa4-a97d-d965ccfc6d4b" outcome="Passed" testListId="8c84fa94-04c1-424b-9868-57a2d4851a1d" relativeResultsDirectory="6f390bfd-268a-4dc2-acfd-9156fc9b455b" />
    <UnitTestResult executionId="507312db-5657-43cf-bb67-b41f87909f77" testId="660b62f7-f041-4fd0-dd56-a1be124bd70d" testName="TheEnd.Tests.Renderer.SpriteSealedShaftPresentationTests.UnsupportedShaftSizesKeepTheirExistingArchitecture(side: 2)" computerName="ROLEPLAY-GAMER" duration="00:00:00.0000407" startTime="2026-09-13T11:33:57.2784976+02:00" endTime="2026-09-13T11:33:57.2784976+02:00" testType="13cdc9d9-ddb5-4fa4-a97d-d965ccfc6d4b" outcome="Passed" testListId="8c84fa94-04c1-424b-9868-57a2d4851a1d" relativeResultsDirectory="507312db-5657-43cf-bb67-b41f87909f77" />
    <UnitTestResult executionId="c4aa13ce-e64c-4094-8e96-4b52f65854de" testId="42037e2c-14a7-69fd-0cf7-6a899ff8fbe5" testName="TheEnd.Tests.Renderer.SpriteSealedShaftPresentationTests.UnsupportedShaftSizesKeepTheirExistingArchitecture(side: 4)" computerName="ROLEPLAY-GAMER" duration="00:00:00.0003366" startTime="2026-09-13T11:33:57.2784688+02:00" endTime="2026-09-13T11:33:57.2784688+02:00" testType="13cdc9d9-ddb5-4fa4-a97d-d965ccfc6d4b" outcome="Passed" testListId="8c84fa94-04c1-424b-9868-57a2d4851a1d" relativeResultsDirectory="c4aa13ce-e64c-4094-8e96-4b52f65854de" />
    <UnitTestResult executionId="8379acbf-af8c-4ca1-b6e1-7a234e1dc0d9" testId="e600ec8f-59b9-e6f9-9b75-818340a4fe4c" testName="TheEnd.Tests.Renderer.SpriteSealedShaftPresentationTests.AccessibleMachinesAreNeverMistakenForASealedCrossing(kind: Manual)" computerName="ROLEPLAY-GAMER" duration="00:00:00.0001441" startTime="2026-09-13T11:33:57.2785670+02:00" endTime="2026-09-13T11:33:57.2785670+02:00" testType="13cdc9d9-ddb5-4fa4-a97d-d965ccfc6d4b" outcome="Passed" testListId="8c84fa94-04c1-424b-9868-57a2d4851a1d" relativeResultsDirectory="8379acbf-af8c-4ca1-b6e1-7a234e1dc0d9" />
    <UnitTestResult executionId="f26a7f4c-e1ec-4cf7-981b-ca141fc5d8ae" testId="b9a43389-37ca-8a4a-c1a2-f0f53d37661d" testName="TheEnd.Tests.Renderer.SpriteSealedShaftPresentationTests.DamagedOrOpenArchitectureCannotRemainCoveredByTheIntactCap(mutation: &quot;broken-wall&quot;)" computerName="ROLEPLAY-GAMER" duration="00:00:00.0003545" startTime="2026-09-13T11:33:57.2793578+02:00" endTime="2026-09-13T11:33:57.2793578+02:00" testType="13cdc9d9-ddb5-4fa4-a97d-d965ccfc6d4b" outcome="Passed" testListId="8c84fa94-04c1-424b-9868-57a2d4851a1d" relativeResultsDirectory="f26a7f4c-e1ec-4cf7-981b-ca141fc5d8ae" />
    <UnitTestResult executionId="a9915a77-7519-4d9d-82f7-995a79c678fb" testId="8b0afc8e-806e-82c5-479a-504c0a6320d7" testName="TheEnd.Tests.Renderer.SpriteSealedShaftPresentationTests.DamagedOrOpenArchitectureCannotRemainCoveredByTheIntactCap(mutation: &quot;open-centre&quot;)" computerName="ROLEPLAY-GAMER" duration="00:00:00.0000363" startTime="2026-09-13T11:33:57.2794447+02:00" endTime="2026-09-13T11:33:57.2794447+02:00" testType="13cdc9d9-ddb5-4fa4-a97d-d965ccfc6d4b" outcome="Passed" testListId="8c84fa94-04c1-424b-9868-57a2d4851a1d" relativeResultsDirectory="a9915a77-7519-4d9d-82f7-995a79c678fb" />
    <UnitTestResult executionId="e9f34764-cf72-40d4-998f-bc8330c42d67" testId="f643d71b-41de-f2aa-ddaf-e04d275d5bbe" testName="TheEnd.Tests.Renderer.SpriteSealedShaftBankTests.InstalledCasingIsAnOpaquePaintedRigidObjectWithinItsReservedFootprint" computerName="ROLEPLAY-GAMER" duration="00:00:00.0371154" startTime="2026-09-13T11:33:57.2317475+02:00" endTime="2026-09-13T11:33:57.2317478+02:00" testType="13cdc9d9-ddb5-4fa4-a97d-d965ccfc6d4b" outcome="Passed" testListId="8c84fa94-04c1-424b-9868-57a2d4851a1d" relativeResultsDirectory="e9f34764-cf72-40d4-998f-bc8330c42d67" />
    <UnitTestResult executionId="9f50f35f-6b77-424c-af2b-a50ee7438012" testId="5086859d-500f-1ee8-40e3-bb5475f0ad2c" testName="TheEnd.Tests.Renderer.SpriteSealedShaftPresentationTests.DamagedOrOpenArchitectureCannotRemainCoveredByTheIntactCap(mutation: &quot;wrong-wall-role&quot;)" computerName="ROLEPLAY-GAMER" duration="00:00:00.0000413" startTime="2026-09-13T11:33:57.2793990+02:00" endTime="2026-09-13T11:33:57.2793990+02:00" testType="13cdc9d9-ddb5-4fa4-a97d-d965ccfc6d4b" outcome="Passed" testListId="8c84fa94-04c1-424b-9868-57a2d4851a1d" relativeResultsDirectory="9f50f35f-6b77-424c-af2b-a50ee7438012" />
    <UnitTestResult executionId="fef022c4-74cb-4384-a9b3-0e55589d1f71" testId="12b73a54-5efe-29aa-f161-9242ecec2850" testName="TheEnd.Tests.Renderer.SpriteSealedShaftPresentationTests.AccessibleMachinesAreNeverMistakenForASealedCrossing(kind: DomeCage)" computerName="ROLEPLAY-GAMER" duration="00:00:00.0002157" startTime="2026-09-13T11:33:57.2785531+02:00" endTime="2026-09-13T11:33:57.2785531+02:00" testType="13cdc9d9-ddb5-4fa4-a97d-d965ccfc6d4b" outcome="Passed" testListId="8c84fa94-04c1-424b-9868-57a2d4851a1d" relativeResultsDirectory="fef022c4-74cb-4384-a9b3-0e55589d1f71" />
    <UnitTestResult executionId="60bd7669-a1a7-4289-84e2-b688b9d932eb" testId="40796f88-ff8a-4765-4619-068497b674a2" testName="TheEnd.Tests.Renderer.SpriteSealedShaftPresentationTests.DamagedOrOpenArchitectureCannotRemainCoveredByTheIntactCap(mutation: &quot;door&quot;)" computerName="ROLEPLAY-GAMER" duration="00:00:00.0000922" startTime="2026-09-13T11:33:57.2794142+02:00" endTime="2026-09-13T11:33:57.2794142+02:00" testType="13cdc9d9-ddb5-4fa4-a97d-d965ccfc6d4b" outcome="Passed" testListId="8c84fa94-04c1-424b-9868-57a2d4851a1d" relativeResultsDirectory="60bd7669-a1a7-4289-84e2-b688b9d932eb" />
    <UnitTestResult executionId="7e26709c-4c64-4cdc-894e-0c75a3b6f3a8" testId="924c3e0e-b12b-e983-8d78-c6b3271db132" testName="TheEnd.Tests.Renderer.SpriteSealedShaftPresentationTests.AFeatureOnAnyCellRestoresTheWholeExistingAppearanceEvenWithoutAStampChange(dx: 1, dy: 1)" computerName="ROLEPLAY-GAMER" duration="00:00:00.0000485" startTime="2026-09-13T11:33:57.2644517+02:00" endTime="2026-09-13T11:33:57.2644517+02:00" testType="13cdc9d9-ddb5-4fa4-a97d-d965ccfc6d4b" outcome="Passed" testListId="8c84fa94-04c1-424b-9868-57a2d4851a1d" relativeResultsDirectory="7e26709c-4c64-4cdc-894e-0c75a3b6f3a8" />
    <UnitTestResult executionId="fcb9fa0a-34c7-4eda-bfb4-f5ed5a84658a" testId="9866630d-9c2c-dcf5-56dd-4208e2ea71de" testName="TheEnd.Tests.Renderer.SpriteSealedShaftPresentationTests.AFeatureOnAnyCellRestoresTheWholeExistingAppearanceEvenWithoutAStampChange(dx: 0, dy: 1)" computerName="ROLEPLAY-GAMER" duration="00:00:00.0004781" startTime="2026-09-13T11:33:57.2642047+02:00" endTime="2026-09-13T11:33:57.2642048+02:00" testType="13cdc9d9-ddb5-4fa4-a97d-d965ccfc6d4b" outcome="Passed" testListId="8c84fa94-04c1-424b-9868-57a2d4851a1d" relativeResultsDirectory="fcb9fa0a-34c7-4eda-bfb4-f5ed5a84658a" />
    <UnitTestResult executionId="68648883-4f5f-450a-a18f-fc4450bf6116" testId="688d193e-7902-1c09-7aa4-3b260dbdb251" testName="TheEnd.Tests.Renderer.SpriteSealedShaftPresentationTests.AirCursorCorruptionRoutePowerAndUnrelatedStructureEditsDoNotInvalidateThePose" computerName="ROLEPLAY-GAMER" duration="00:00:00.0019258" startTime="2026-09-13T11:33:57.2785346+02:00" endTime="2026-09-13T11:33:57.2785346+02:00" testType="13cdc9d9-ddb5-4fa4-a97d-d965ccfc6d4b" outcome="Passed" testListId="8c84fa94-04c1-424b-9868-57a2d4851a1d" relativeResultsDirectory="68648883-4f5f-450a-a18f-fc4450bf6116" />
    <UnitTestResult executionId="2c6b6e06-7b8b-4bd5-a046-f1b64c95fcd1" testId="16fba1d0-4f53-8e11-c2ce-095a81ea3add" testName="TheEnd.Tests.Renderer.SpriteSealedShaftPresentationTests.AFeatureOnAnyCellRestoresTheWholeExistingAppearanceEvenWithoutAStampChange(dx: 1, dy: 2)" computerName="ROLEPLAY-GAMER" duration="00:00:00.0000314" startTime="2026-09-13T11:33:57.2784441+02:00" endTime="2026-09-13T11:33:57.2784442+02:00" testType="13cdc9d9-ddb5-4fa4-a97d-d965ccfc6d4b" outcome="Passed" testListId="8c84fa94-04c1-424b-9868-57a2d4851a1d" relativeResultsDirectory="2c6b6e06-7b8b-4bd5-a046-f1b64c95fcd1" />
    <UnitTestResult executionId="6642ee57-1798-49c7-8fe6-7758a0cff60a" testId="a1e5557b-7066-958f-a770-331e94176a32" testName="TheEnd.Tests.Renderer.SpriteSealedShaftPresentationTests.IdenticalFramesReuseTheListWithoutAllocations" computerName="ROLEPLAY-GAMER" duration="00:00:00.0006461" startTime="2026-09-13T11:33:57.2794822+02:00" endTime="2026-09-13T11:33:57.2794822+02:00" testType="13cdc9d9-ddb5-4fa4-a97d-d965ccfc6d4b" outcome="Passed" testListId="8c84fa94-04c1-424b-9868-57a2d4851a1d" relativeResultsDirectory="6642ee57-1798-49c7-8fe6-7758a0cff60a" />
    <UnitTestResult executionId="9f25d302-1bb1-410d-80fa-36eafd4caa41" testId="4d72aeec-7af3-c25a-e736-22a377331768" testName="TheEnd.Tests.Renderer.SpriteSealedShaftPresentationTests.DamagedOrOpenArchitectureCannotRemainCoveredByTheIntactCap(mutation: &quot;missing-wall&quot;)" computerName="ROLEPLAY-GAMER" duration="00:00:00.0000410" startTime="2026-09-13T11:33:57.2794294+02:00" endTime="2026-09-13T11:33:57.2794294+02:00" testType="13cdc9d9-ddb5-4fa4-a97d-d965ccfc6d4b" outcome="Passed" testListId="8c84fa94-04c1-424b-9868-57a2d4851a1d" relativeResultsDirectory="9f25d302-1bb1-410d-80fa-36eafd4caa41" />
    <UnitTestResult executionId="cf034fc3-1b15-40ad-ab34-b90711428be4" testId="9b78a859-da4c-8fac-ebda-44babb5fcedd" testName="TheEnd.Tests.Renderer.SpriteSealedShaftPresentationTests.AFeatureOnAnyCellRestoresTheWholeExistingAppearanceEvenWithoutAStampChange(dx: 1, dy: 0)" computerName="ROLEPLAY-GAMER" duration="00:00:00.0000540" startTime="2026-09-13T11:33:57.2643832+02:00" endTime="2026-09-13T11:33:57.2643833+02:00" testType="13cdc9d9-ddb5-4fa4-a97d-d965ccfc6d4b" outcome="Passed" testListId="8c84fa94-04c1-424b-9868-57a2d4851a1d" relativeResultsDirectory="cf034fc3-1b15-40ad-ab34-b90711428be4" />
    <UnitTestResult executionId="c686eb0b-a1e1-4c15-b084-724e3da2facf" testId="5fc81df9-8db7-1013-c076-aedf9642d805" testName="TheEnd.Tests.Renderer.SpriteSealedShaftBankTests.AContinuousRaisedCoverClosesTheCentreInsteadOfLeavingAnOpenWell" computerName="ROLEPLAY-GAMER" duration="00:00:00.0254203" startTime="2026-09-13T11:33:57.1948688+02:00" endTime="2026-09-13T11:33:57.1948791+02:00" testType="13cdc9d9-ddb5-4fa4-a97d-d965ccfc6d4b" outcome="Passed" testListId="8c84fa94-04c1-424b-9868-57a2d4851a1d" relativeResultsDirectory="c686eb0b-a1e1-4c15-b084-724e3da2facf" />
    <UnitTestResult executionId="36a83bc8-56be-4032-833d-86565b59fa5e" testId="fef91df4-6607-d50a-5878-41158b1ac9e7" testName="TheEnd.Tests.Renderer.SpriteSealedShaftPresentationTests.AFeatureOnAnyCellRestoresTheWholeExistingAppearanceEvenWithoutAStampChange(dx: 0, dy: 2)" computerName="ROLEPLAY-GAMER" duration="00:00:00.0302199" startTime="2026-09-13T11:33:57.2637093+02:00" endTime="2026-09-13T11:33:57.2637097+02:00" testType="13cdc9d9-ddb5-4fa4-a97d-d965ccfc6d4b" outcome="Passed" testListId="8c84fa94-04c1-424b-9868-57a2d4851a1d" relativeResultsDirectory="36a83bc8-56be-4032-833d-86565b59fa5e" />
    <UnitTestResult executionId="c7638d16-5954-46ec-b5c4-8a07ff4b2255" testId="ed5d126e-e1b8-f9b3-21ee-ce63f8d8f350" testName="TheEnd.Tests.Renderer.SpriteSealedShaftPresentationTests.DamagedOrOpenArchitectureCannotRemainCoveredByTheIntactCap(mutation: &quot;wrong-perimeter-ground&quot;)" computerName="ROLEPLAY-GAMER" duration="00:00:00.0001505" startTime="2026-09-13T11:33:57.2793806+02:00" endTime="2026-09-13T11:33:57.2793806+02:00" testType="13cdc9d9-ddb5-4fa4-a97d-d965ccfc6d4b" outcome="Passed" testListId="8c84fa94-04c1-424b-9868-57a2d4851a1d" relativeResultsDirectory="c7638d16-5954-46ec-b5c4-8a07ff4b2255" />
    <UnitTestResult executionId="125cd7c7-4ce3-470f-9445-4cfb7dd151f0" testId="b3f5556f-0398-40eb-42d1-6a0a90c13c25" testName="TheEnd.Tests.Renderer.SpriteSealedShaftPresentationTests.CurrentWallSourcesMustReallyCarryEveryPerimeterEdge" computerName="ROLEPLAY-GAMER" duration="00:00:00.0016544" startTime="2026-09-13T11:33:57.2785164+02:00" endTime="2026-09-13T11:33:57.2785164+02:00" testType="13cdc9d9-ddb5-4fa4-a97d-d965ccfc6d4b" outcome="Passed" testListId="8c84fa94-04c1-424b-9868-57a2d4851a1d" relativeResultsDirectory="125cd7c7-4ce3-470f-9445-4cfb7dd151f0" />
    <UnitTestResult executionId="803eac5d-abb3-4613-9e02-fe82d8c87b66" testId="d2788561-ebce-1465-ab02-845c9af495c7" testName="TheEnd.Tests.Renderer.SpriteSealedShaftPresentationTests.ARouteMustBeAlignedAndSpanTheDomeBetweenKnownDecks" computerName="ROLEPLAY-GAMER" duration="00:00:00.0003151" startTime="2026-09-13T11:33:57.2797394+02:00" endTime="2026-09-13T11:33:57.2797395+02:00" testType="13cdc9d9-ddb5-4fa4-a97d-d965ccfc6d4b" outcome="Passed" testListId="8c84fa94-04c1-424b-9868-57a2d4851a1d" relativeResultsDirectory="803eac5d-abb3-4613-9e02-fe82d8c87b66" />
    <UnitTestResult executionId="9721f2e2-325f-4885-9b57-0832f803a87f" testId="7148c1dc-3552-f59c-a90c-bcbdbf8ab7c0" testName="TheEnd.Tests.Renderer.SpriteSealedShaftPresentationTests.AFeatureOnAnyCellRestoresTheWholeExistingAppearanceEvenWithoutAStampChange(dx: 2, dy: 2)" computerName="ROLEPLAY-GAMER" duration="00:00:00.0000683" startTime="2026-09-13T11:33:57.2643131+02:00" endTime="2026-09-13T11:33:57.2643132+02:00" testType="13cdc9d9-ddb5-4fa4-a97d-d965ccfc6d4b" outcome="Passed" testListId="8c84fa94-04c1-424b-9868-57a2d4851a1d" relativeResultsDirectory="9721f2e2-325f-4885-9b57-0832f803a87f" />
    <UnitTestResult executionId="591d2dc3-7738-46b4-a819-3e2032767420" testId="0d22cabd-b70d-7d20-b0e0-9011497ae78f" testName="TheEnd.Tests.Renderer.SpriteSealedShaftPresentationTests.CrossingUsesPhysicalDeckDepthAndTheActualClosedCasing" computerName="ROLEPLAY-GAMER" duration="00:00:00.0021143" startTime="2026-09-13T11:33:57.2795005+02:00" endTime="2026-09-13T11:33:57.2795005+02:00" testType="13cdc9d9-ddb5-4fa4-a97d-d965ccfc6d4b" outcome="Passed" testListId="8c84fa94-04c1-424b-9868-57a2d4851a1d" relativeResultsDirectory="591d2dc3-7738-46b4-a819-3e2032767420" />
  </Results>
  <TestDefinitions>
    <UnitTest name="TheEnd.Tests.Renderer.SpriteSealedShaftPresentationTests.CrossingUsesPhysicalDeckDepthAndTheActualClosedCasing" storage="c:\workspace\theend\theend.tests\bin\debug\net9.0\theend.tests.dll" id="0d22cabd-b70d-7d20-b0e0-9011497ae78f">
      <Execution id="591d2dc3-7738-46b4-a819-3e2032767420" />
      <TestMethod codeBase="C:\workspace\TheEnd\TheEnd.Tests\bin\Debug\net9.0\TheEnd.Tests.dll" adapterTypeName="executor://xunit/VsTestRunner2/netcoreapp" className="TheEnd.Tests.Renderer.SpriteSealedShaftPresentationTests" name="CrossingUsesPhysicalDeckDepthAndTheActualClosedCasing" />
    </UnitTest>
    <UnitTest name="TheEnd.Tests.Renderer.SpriteSealedShaftPresentationTests.AFeatureOnAnyCellRestoresTheWholeExistingAppearanceEvenWithoutAStampChange(dx: 0, dy: 1)" storage="c:\workspace\theend\theend.tests\bin\debug\net9.0\theend.tests.dll" id="9866630d-9c2c-dcf5-56dd-4208e2ea71de">
      <Execution id="fcb9fa0a-34c7-4eda-bfb4-f5ed5a84658a" />
      <TestMethod codeBase="C:\workspace\TheEnd\TheEnd.Tests\bin\Debug\net9.0\TheEnd.Tests.dll" adapterTypeName="executor://xunit/VsTestRunner2/netcoreapp" className="TheEnd.Tests.Renderer.SpriteSealedShaftPresentationTests" name="AFeatureOnAnyCellRestoresTheWholeExistingAppearanceEvenWithoutAStampChange" />
    </UnitTest>
    <UnitTest name="TheEnd.Tests.Renderer.SpriteSealedShaftPresentationTests.AFeatureOnAnyCellRestoresTheWholeExistingAppearanceEvenWithoutAStampChange(dx: 1, dy: 1)" storage="c:\workspace\theend\theend.tests\bin\debug\net9.0\theend.tests.dll" id="924c3e0e-b12b-e983-8d78-c6b3271db132">
      <Execution id="7e26709c-4c64-4cdc-894e-0c75a3b6f3a8" />
      <TestMethod codeBase="C:\workspace\TheEnd\TheEnd.Tests\bin\Debug\net9.0\TheEnd.Tests.dll" adapterTypeName="executor://xunit/VsTestRunner2/netcoreapp" className="TheEnd.Tests.Renderer.SpriteSealedShaftPresentationTests" name="AFeatureOnAnyCellRestoresTheWholeExistingAppearanceEvenWithoutAStampChange" />
    </UnitTest>
    <UnitTest name="TheEnd.Tests.Renderer.SpriteSealedShaftPresentationTests.AccessibleMachinesAreNeverMistakenForASealedCrossing(kind: DomeCage)" storage="c:\workspace\theend\theend.tests\bin\debug\net9.0\theend.tests.dll" id="12b73a54-5efe-29aa-f161-9242ecec2850">
      <Execution id="fef022c4-74cb-4384-a9b3-0e55589d1f71" />
      <TestMethod codeBase="C:\workspace\TheEnd\TheEnd.Tests\bin\Debug\net9.0\TheEnd.Tests.dll" adapterTypeName="executor://xunit/VsTestRunner2/netcoreapp" className="TheEnd.Tests.Renderer.SpriteSealedShaftPresentationTests" name="AccessibleMachinesAreNeverMistakenForASealedCrossing" />
    </UnitTest>
    <UnitTest name="TheEnd.Tests.Renderer.SpriteSealedShaftPresentationTests.DamagedOrOpenArchitectureCannotRemainCoveredByTheIntactCap(mutation: &quot;broken-wall&quot;)" storage="c:\workspace\theend\theend.tests\bin\debug\net9.0\theend.tests.dll" id="b9a43389-37ca-8a4a-c1a2-f0f53d37661d">
      <Execution id="f26a7f4c-e1ec-4cf7-981b-ca141fc5d8ae" />
      <TestMethod codeBase="C:\workspace\TheEnd\TheEnd.Tests\bin\Debug\net9.0\TheEnd.Tests.dll" adapterTypeName="executor://xunit/VsTestRunner2/netcoreapp" className="TheEnd.Tests.Renderer.SpriteSealedShaftPresentationTests" name="DamagedOrOpenArchitectureCannotRemainCoveredByTheIntactCap" />
    </UnitTest>
    <UnitTest name="TheEnd.Tests.Renderer.SpriteSealedShaftPresentationTests.AFeatureOnAnyCellRestoresTheWholeExistingAppearanceEvenWithoutAStampChange(dx: 1, dy: 0)" storage="c:\workspace\theend\theend.tests\bin\debug\net9.0\theend.tests.dll" id="9b78a859-da4c-8fac-ebda-44babb5fcedd">
      <Execution id="cf034fc3-1b15-40ad-ab34-b90711428be4" />
      <TestMethod codeBase="C:\workspace\TheEnd\TheEnd.Tests\bin\Debug\net9.0\TheEnd.Tests.dll" adapterTypeName="executor://xunit/VsTestRunner2/netcoreapp" className="TheEnd.Tests.Renderer.SpriteSealedShaftPresentationTests" name="AFeatureOnAnyCellRestoresTheWholeExistingAppearanceEvenWithoutAStampChange" />
    </UnitTest>
    <UnitTest name="TheEnd.Tests.Renderer.SpriteSealedShaftPresentationTests.AFeatureOnAnyCellRestoresTheWholeExistingAppearanceEvenWithoutAStampChange(dx: 0, dy: 0)" storage="c:\workspace\theend\theend.tests\bin\debug\net9.0\theend.tests.dll" id="acd16c3a-dd15-ec8e-6a8f-4bf48a0a08a8">
      <Execution id="6f390bfd-268a-4dc2-acfd-9156fc9b455b" />
      <TestMethod codeBase="C:\workspace\TheEnd\TheEnd.Tests\bin\Debug\net9.0\TheEnd.Tests.dll" adapterTypeName="executor://xunit/VsTestRunner2/netcoreapp" className="TheEnd.Tests.Renderer.SpriteSealedShaftPresentationTests" name="AFeatureOnAnyCellRestoresTheWholeExistingAppearanceEvenWithoutAStampChange" />
    </UnitTest>
    <UnitTest name="TheEnd.Tests.Renderer.SpriteSealedShaftPresentationTests.UnsupportedShaftSizesKeepTheirExistingArchitecture(side: 1)" storage="c:\workspace\theend\theend.tests\bin\debug\net9.0\theend.tests.dll" id="ea45be73-5641-c5bb-2671-979d25f47b8e">
      <Execution id="5775e359-b39a-4163-a9b5-6a2c77f8d5ee" />
      <TestMethod codeBase="C:\workspace\TheEnd\TheEnd.Tests\bin\Debug\net9.0\TheEnd.Tests.dll" adapterTypeName="executor://xunit/VsTestRunner2/netcoreapp" className="TheEnd.Tests.Renderer.SpriteSealedShaftPresentationTests" name="UnsupportedShaftSizesKeepTheirExistingArchitecture" />
    </UnitTest>
    <UnitTest name="TheEnd.Tests.Renderer.SpriteSealedShaftPresentationTests.AFeatureOnAnyCellRestoresTheWholeExistingAppearanceEvenWithoutAStampChange(dx: 0, dy: 2)" storage="c:\workspace\theend\theend.tests\bin\debug\net9.0\theend.tests.dll" id="fef91df4-6607-d50a-5878-41158b1ac9e7">
      <Execution id="36a83bc8-56be-4032-833d-86565b59fa5e" />
      <TestMethod codeBase="C:\workspace\TheEnd\TheEnd.Tests\bin\Debug\net9.0\TheEnd.Tests.dll" adapterTypeName="executor://xunit/VsTestRunner2/netcoreapp" className="TheEnd.Tests.Renderer.SpriteSealedShaftPresentationTests" name="AFeatureOnAnyCellRestoresTheWholeExistingAppearanceEvenWithoutAStampChange" />
    </UnitTest>
    <UnitTest name="TheEnd.Tests.Renderer.SpriteSealedShaftPresentationTests.DamagedOrOpenArchitectureCannotRemainCoveredByTheIntactCap(mutation: &quot;missing-wall&quot;)" storage="c:\workspace\theend\theend.tests\bin\debug\net9.0\theend.tests.dll" id="4d72aeec-7af3-c25a-e736-22a377331768">
      <Execution id="9f25d302-1bb1-410d-80fa-36eafd4caa41" />
      <TestMethod codeBase="C:\workspace\TheEnd\TheEnd.Tests\bin\Debug\net9.0\TheEnd.Tests.dll" adapterTypeName="executor://xunit/VsTestRunner2/netcoreapp" className="TheEnd.Tests.Renderer.SpriteSealedShaftPresentationTests" name="DamagedOrOpenArchitectureCannotRemainCoveredByTheIntactCap" />
    </UnitTest>
    <UnitTest name="TheEnd.Tests.Renderer.SpriteSealedShaftPresentationTests.AFeatureOnAnyCellRestoresTheWholeExistingAppearanceEvenWithoutAStampChange(dx: 2, dy: 0)" storage="c:\workspace\theend\theend.tests\bin\debug\net9.0\theend.tests.dll" id="43c5633c-8ece-25b8-a6c7-661891faa35b">
      <Execution id="b359ff99-21cd-4150-9b0a-32d06d3042e3" />
      <TestMethod codeBase="C:\workspace\TheEnd\TheEnd.Tests\bin\Debug\net9.0\TheEnd.Tests.dll" adapterTypeName="executor://xunit/VsTestRunner2/netcoreapp" className="TheEnd.Tests.Renderer.SpriteSealedShaftPresentationTests" name="AFeatureOnAnyCellRestoresTheWholeExistingAppearanceEvenWithoutAStampChange" />
    </UnitTest>
    <UnitTest name="TheEnd.Tests.Renderer.SpriteSealedShaftPresentationTests.DamagedOrOpenArchitectureCannotRemainCoveredByTheIntactCap(mutation: &quot;wrong-perimeter-ground&quot;)" storage="c:\workspace\theend\theend.tests\bin\debug\net9.0\theend.tests.dll" id="ed5d126e-e1b8-f9b3-21ee-ce63f8d8f350">
      <Execution id="c7638d16-5954-46ec-b5c4-8a07ff4b2255" />
      <TestMethod codeBase="C:\workspace\TheEnd\TheEnd.Tests\bin\Debug\net9.0\TheEnd.Tests.dll" adapterTypeName="executor://xunit/VsTestRunner2/netcoreapp" className="TheEnd.Tests.Renderer.SpriteSealedShaftPresentationTests" name="DamagedOrOpenArchitectureCannotRemainCoveredByTheIntactCap" />
    </UnitTest>
    <UnitTest name="TheEnd.Tests.Renderer.SpriteSealedShaftPresentationTests.ARouteMustBeAlignedAndSpanTheDomeBetweenKnownDecks" storage="c:\workspace\theend\theend.tests\bin\debug\net9.0\theend.tests.dll" id="d2788561-ebce-1465-ab02-845c9af495c7">
      <Execution id="803eac5d-abb3-4613-9e02-fe82d8c87b66" />
      <TestMethod codeBase="C:\workspace\TheEnd\TheEnd.Tests\bin\Debug\net9.0\TheEnd.Tests.dll" adapterTypeName="executor://xunit/VsTestRunner2/netcoreapp" className="TheEnd.Tests.Renderer.SpriteSealedShaftPresentationTests" name="ARouteMustBeAlignedAndSpanTheDomeBetweenKnownDecks" />
    </UnitTest>
    <UnitTest name="TheEnd.Tests.Renderer.SpriteSealedShaftPresentationTests.CurrentWallSourcesMustReallyCarryEveryPerimeterEdge" storage="c:\workspace\theend\theend.tests\bin\debug\net9.0\theend.tests.dll" id="b3f5556f-0398-40eb-42d1-6a0a90c13c25">
      <Execution id="125cd7c7-4ce3-470f-9445-4cfb7dd151f0" />
      <TestMethod codeBase="C:\workspace\TheEnd\TheEnd.Tests\bin\Debug\net9.0\TheEnd.Tests.dll" adapterTypeName="executor://xunit/VsTestRunner2/netcoreapp" className="TheEnd.Tests.Renderer.SpriteSealedShaftPresentationTests" name="CurrentWallSourcesMustReallyCarryEveryPerimeterEdge" />
    </UnitTest>
    <UnitTest name="TheEnd.Tests.Renderer.SpriteSealedShaftPresentationTests.AFeatureOnAnyCellRestoresTheWholeExistingAppearanceEvenWithoutAStampChange(dx: 1, dy: 2)" storage="c:\workspace\theend\theend.tests\bin\debug\net9.0\theend.tests.dll" id="16fba1d0-4f53-8e11-c2ce-095a81ea3add">
      <Execution id="2c6b6e06-7b8b-4bd5-a046-f1b64c95fcd1" />
      <TestMethod codeBase="C:\workspace\TheEnd\TheEnd.Tests\bin\Debug\net9.0\TheEnd.Tests.dll" adapterTypeName="executor://xunit/VsTestRunner2/netcoreapp" className="TheEnd.Tests.Renderer.SpriteSealedShaftPresentationTests" name="AFeatureOnAnyCellRestoresTheWholeExistingAppearanceEvenWithoutAStampChange" />
    </UnitTest>
    <UnitTest name="TheEnd.Tests.Renderer.SpriteSealedShaftPresentationTests.DamagedOrOpenArchitectureCannotRemainCoveredByTheIntactCap(mutation: &quot;door&quot;)" storage="c:\workspace\theend\theend.tests\bin\debug\net9.0\theend.tests.dll" id="40796f88-ff8a-4765-4619-068497b674a2">
      <Execution id="60bd7669-a1a7-4289-84e2-b688b9d932eb" />
      <TestMethod codeBase="C:\workspace\TheEnd\TheEnd.Tests\bin\Debug\net9.0\TheEnd.Tests.dll" adapterTypeName="executor://xunit/VsTestRunner2/netcoreapp" className="TheEnd.Tests.Renderer.SpriteSealedShaftPresentationTests" name="DamagedOrOpenArchitectureCannotRemainCoveredByTheIntactCap" />
    </UnitTest>
    <UnitTest name="TheEnd.Tests.Renderer.SpriteSealedShaftPresentationTests.MutableRouteListsAndDisabledBanksCannotLeaveAStaleModel" storage="c:\workspace\theend\theend.tests\bin\debug\net9.0\theend.tests.dll" id="d161999e-5220-cbed-1265-563c796083ff">
      <Execution id="430c2bdf-ade4-44b3-bd4d-62e35ae3b1bb" />
      <TestMethod codeBase="C:\workspace\TheEnd\TheEnd.Tests\bin\Debug\net9.0\TheEnd.Tests.dll" adapterTypeName="executor://xunit/VsTestRunner2/netcoreapp" className="TheEnd.Tests.Renderer.SpriteSealedShaftPresentationTests" name="MutableRouteListsAndDisabledBanksCannotLeaveAStaleModel" />
    </UnitTest>
    <UnitTest name="TheEnd.Tests.Renderer.SpriteSealedShaftPresentationTests.AirCursorCorruptionRoutePowerAndUnrelatedStructureEditsDoNotInvalidateThePose" storage="c:\workspace\theend\theend.tests\bin\debug\net9.0\theend.tests.dll" id="688d193e-7902-1c09-7aa4-3b260dbdb251">
      <Execution id="68648883-4f5f-450a-a18f-fc4450bf6116" />
      <TestMethod codeBase="C:\workspace\TheEnd\TheEnd.Tests\bin\Debug\net9.0\TheEnd.Tests.dll" adapterTypeName="executor://xunit/VsTestRunner2/netcoreapp" className="TheEnd.Tests.Renderer.SpriteSealedShaftPresentationTests" name="AirCursorCorruptionRoutePowerAndUnrelatedStructureEditsDoNotInvalidateThePose" />
    </UnitTest>
    <UnitTest name="TheEnd.Tests.Renderer.SpriteSealedShaftPresentationTests.DamagedOrOpenArchitectureCannotRemainCoveredByTheIntactCap(mutation: &quot;open-centre&quot;)" storage="c:\workspace\theend\theend.tests\bin\debug\net9.0\theend.tests.dll" id="8b0afc8e-806e-82c5-479a-504c0a6320d7">
      <Execution id="a9915a77-7519-4d9d-82f7-995a79c678fb" />
      <TestMethod codeBase="C:\workspace\TheEnd\TheEnd.Tests\bin\Debug\net9.0\TheEnd.Tests.dll" adapterTypeName="executor://xunit/VsTestRunner2/netcoreapp" className="TheEnd.Tests.Renderer.SpriteSealedShaftPresentationTests" name="DamagedOrOpenArchitectureCannotRemainCoveredByTheIntactCap" />
    </UnitTest>
    <UnitTest name="TheEnd.Tests.Renderer.SpriteSealedShaftPresentationTests.IdenticalFramesReuseTheListWithoutAllocations" storage="c:\workspace\theend\theend.tests\bin\debug\net9.0\theend.tests.dll" id="a1e5557b-7066-958f-a770-331e94176a32">
      <Execution id="6642ee57-1798-49c7-8fe6-7758a0cff60a" />
      <TestMethod codeBase="C:\workspace\TheEnd\TheEnd.Tests\bin\Debug\net9.0\TheEnd.Tests.dll" adapterTypeName="executor://xunit/VsTestRunner2/netcoreapp" className="TheEnd.Tests.Renderer.SpriteSealedShaftPresentationTests" name="IdenticalFramesReuseTheListWithoutAllocations" />
    </UnitTest>
    <UnitTest name="TheEnd.Tests.Renderer.SpriteSealedShaftPresentationTests.AccessibleMachinesAreNeverMistakenForASealedCrossing(kind: Manual)" storage="c:\workspace\theend\theend.tests\bin\debug\net9.0\theend.tests.dll" id="e600ec8f-59b9-e6f9-9b75-818340a4fe4c">
      <Execution id="8379acbf-af8c-4ca1-b6e1-7a234e1dc0d9" />
      <TestMethod codeBase="C:\workspace\TheEnd\TheEnd.Tests\bin\Debug\net9.0\TheEnd.Tests.dll" adapterTypeName="executor://xunit/VsTestRunner2/netcoreapp" className="TheEnd.Tests.Renderer.SpriteSealedShaftPresentationTests" name="AccessibleMachinesAreNeverMistakenForASealedCrossing" />
    </UnitTest>
    <UnitTest name="TheEnd.Tests.Renderer.SpriteSealedShaftPresentationTests.UnsupportedShaftSizesKeepTheirExistingArchitecture(side: 2)" storage="c:\workspace\theend\theend.tests\bin\debug\net9.0\theend.tests.dll" id="660b62f7-f041-4fd0-dd56-a1be124bd70d">
      <Execution id="507312db-5657-43cf-bb67-b41f87909f77" />
      <TestMethod codeBase="C:\workspace\TheEnd\TheEnd.Tests\bin\Debug\net9.0\TheEnd.Tests.dll" adapterTypeName="executor://xunit/VsTestRunner2/netcoreapp" className="TheEnd.Tests.Renderer.SpriteSealedShaftPresentationTests" name="UnsupportedShaftSizesKeepTheirExistingArchitecture" />
    </UnitTest>
    <UnitTest name="TheEnd.Tests.Renderer.SpriteSealedShaftPresentationTests.AFeatureOnAnyCellRestoresTheWholeExistingAppearanceEvenWithoutAStampChange(dx: 2, dy: 1)" storage="c:\workspace\theend\theend.tests\bin\debug\net9.0\theend.tests.dll" id="bb1f94f7-beb3-6d7d-64d6-267564a37206">
      <Execution id="ac0006a5-6681-4ce4-937e-f88144f58c4e" />
      <TestMethod codeBase="C:\workspace\TheEnd\TheEnd.Tests\bin\Debug\net9.0\TheEnd.Tests.dll" adapterTypeName="executor://xunit/VsTestRunner2/netcoreapp" className="TheEnd.Tests.Renderer.SpriteSealedShaftPresentationTests" name="AFeatureOnAnyCellRestoresTheWholeExistingAppearanceEvenWithoutAStampChange" />
    </UnitTest>
    <UnitTest name="TheEnd.Tests.Renderer.SpriteSealedShaftPresentationTests.UnsupportedShaftSizesKeepTheirExistingArchitecture(side: 4)" storage="c:\workspace\theend\theend.tests\bin\debug\net9.0\theend.tests.dll" id="42037e2c-14a7-69fd-0cf7-6a899ff8fbe5">
      <Execution id="c4aa13ce-e64c-4094-8e96-4b52f65854de" />
      <TestMethod codeBase="C:\workspace\TheEnd\TheEnd.Tests\bin\Debug\net9.0\TheEnd.Tests.dll" adapterTypeName="executor://xunit/VsTestRunner2/netcoreapp" className="TheEnd.Tests.Renderer.SpriteSealedShaftPresentationTests" name="UnsupportedShaftSizesKeepTheirExistingArchitecture" />
    </UnitTest>
    <UnitTest name="TheEnd.Tests.Renderer.SpriteSealedShaftBankTests.AContinuousRaisedCoverClosesTheCentreInsteadOfLeavingAnOpenWell" storage="c:\workspace\theend\theend.tests\bin\debug\net9.0\theend.tests.dll" id="5fc81df9-8db7-1013-c076-aedf9642d805">
      <Execution id="c686eb0b-a1e1-4c15-b084-724e3da2facf" />
      <TestMethod codeBase="C:\workspace\TheEnd\TheEnd.Tests\bin\Debug\net9.0\TheEnd.Tests.dll" adapterTypeName="executor://xunit/VsTestRunner2/netcoreapp" className="TheEnd.Tests.Renderer.SpriteSealedShaftBankTests" name="AContinuousRaisedCoverClosesTheCentreInsteadOfLeavingAnOpenWell" />
    </UnitTest>
    <UnitTest name="TheEnd.Tests.Renderer.SpriteSealedShaftBankTests.InstalledCasingIsAnOpaquePaintedRigidObjectWithinItsReservedFootprint" storage="c:\workspace\theend\theend.tests\bin\debug\net9.0\theend.tests.dll" id="f643d71b-41de-f2aa-ddaf-e04d275d5bbe">
      <Execution id="e9f34764-cf72-40d4-998f-bc8330c42d67" />
      <TestMethod codeBase="C:\workspace\TheEnd\TheEnd.Tests\bin\Debug\net9.0\TheEnd.Tests.dll" adapterTypeName="executor://xunit/VsTestRunner2/netcoreapp" className="TheEnd.Tests.Renderer.SpriteSealedShaftBankTests" name="InstalledCasingIsAnOpaquePaintedRigidObjectWithinItsReservedFootprint" />
    </UnitTest>
    <UnitTest name="TheEnd.Tests.Renderer.SpriteSealedShaftPresentationTests.DamagedOrOpenArchitectureCannotRemainCoveredByTheIntactCap(mutation: &quot;wrong-wall-role&quot;)" storage="c:\workspace\theend\theend.tests\bin\debug\net9.0\theend.tests.dll" id="5086859d-500f-1ee8-40e3-bb5475f0ad2c">
      <Execution id="9f50f35f-6b77-424c-af2b-a50ee7438012" />
      <TestMethod codeBase="C:\workspace\TheEnd\TheEnd.Tests\bin\Debug\net9.0\TheEnd.Tests.dll" adapterTypeName="executor://xunit/VsTestRunner2/netcoreapp" className="TheEnd.Tests.Renderer.SpriteSealedShaftPresentationTests" name="DamagedOrOpenArchitectureCannotRemainCoveredByTheIntactCap" />
    </UnitTest>
    <UnitTest name="TheEnd.Tests.Renderer.SpriteSealedShaftPresentationTests.AFeatureOnAnyCellRestoresTheWholeExistingAppearanceEvenWithoutAStampChange(dx: 2, dy: 2)" storage="c:\workspace\theend\theend.tests\bin\debug\net9.0\theend.tests.dll" id="7148c1dc-3552-f59c-a90c-bcbdbf8ab7c0">
      <Execution id="9721f2e2-325f-4885-9b57-0832f803a87f" />
      <TestMethod codeBase="C:\workspace\TheEnd\TheEnd.Tests\bin\Debug\net9.0\TheEnd.Tests.dll" adapterTypeName="executor://xunit/VsTestRunner2/netcoreapp" className="TheEnd.Tests.Renderer.SpriteSealedShaftPresentationTests" name="AFeatureOnAnyCellRestoresTheWholeExistingAppearanceEvenWithoutAStampChange" />
    </UnitTest>
  </TestDefinitions>
  <TestEntries>
    <TestEntry testId="43c5633c-8ece-25b8-a6c7-661891faa35b" executionId="b359ff99-21cd-4150-9b0a-32d06d3042e3" testListId="8c84fa94-04c1-424b-9868-57a2d4851a1d" />
    <TestEntry testId="ea45be73-5641-c5bb-2671-979d25f47b8e" executionId="5775e359-b39a-4163-a9b5-6a2c77f8d5ee" testListId="8c84fa94-04c1-424b-9868-57a2d4851a1d" />
    <TestEntry testId="d161999e-5220-cbed-1265-563c796083ff" executionId="430c2bdf-ade4-44b3-bd4d-62e35ae3b1bb" testListId="8c84fa94-04c1-424b-9868-57a2d4851a1d" />
    <TestEntry testId="bb1f94f7-beb3-6d7d-64d6-267564a37206" executionId="ac0006a5-6681-4ce4-937e-f88144f58c4e" testListId="8c84fa94-04c1-424b-9868-57a2d4851a1d" />
    <TestEntry testId="acd16c3a-dd15-ec8e-6a8f-4bf48a0a08a8" executionId="6f390bfd-268a-4dc2-acfd-9156fc9b455b" testListId="8c84fa94-04c1-424b-9868-57a2d4851a1d" />
    <TestEntry testId="660b62f7-f041-4fd0-dd56-a1be124bd70d" executionId="507312db-5657-43cf-bb67-b41f87909f77" testListId="8c84fa94-04c1-424b-9868-57a2d4851a1d" />
    <TestEntry testId="42037e2c-14a7-69fd-0cf7-6a899ff8fbe5" executionId="c4aa13ce-e64c-4094-8e96-4b52f65854de" testListId="8c84fa94-04c1-424b-9868-57a2d4851a1d" />
    <TestEntry testId="e600ec8f-59b9-e6f9-9b75-818340a4fe4c" executionId="8379acbf-af8c-4ca1-b6e1-7a234e1dc0d9" testListId="8c84fa94-04c1-424b-9868-57a2d4851a1d" />
    <TestEntry testId="b9a43389-37ca-8a4a-c1a2-f0f53d37661d" executionId="f26a7f4c-e1ec-4cf7-981b-ca141fc5d8ae" testListId="8c84fa94-04c1-424b-9868-57a2d4851a1d" />
    <TestEntry testId="8b0afc8e-806e-82c5-479a-504c0a6320d7" executionId="a9915a77-7519-4d9d-82f7-995a79c678fb" testListId="8c84fa94-04c1-424b-9868-57a2d4851a1d" />
    <TestEntry testId="f643d71b-41de-f2aa-ddaf-e04d275d5bbe" executionId="e9f34764-cf72-40d4-998f-bc8330c42d67" testListId="8c84fa94-04c1-424b-9868-57a2d4851a1d" />
    <TestEntry testId="5086859d-500f-1ee8-40e3-bb5475f0ad2c" executionId="9f50f35f-6b77-424c-af2b-a50ee7438012" testListId="8c84fa94-04c1-424b-9868-57a2d4851a1d" />
    <TestEntry testId="12b73a54-5efe-29aa-f161-9242ecec2850" executionId="fef022c4-74cb-4384-a9b3-0e55589d1f71" testListId="8c84fa94-04c1-424b-9868-57a2d4851a1d" />
    <TestEntry testId="40796f88-ff8a-4765-4619-068497b674a2" executionId="60bd7669-a1a7-4289-84e2-b688b9d932eb" testListId="8c84fa94-04c1-424b-9868-57a2d4851a1d" />
    <TestEntry testId="924c3e0e-b12b-e983-8d78-c6b3271db132" executionId="7e26709c-4c64-4cdc-894e-0c75a3b6f3a8" testListId="8c84fa94-04c1-424b-9868-57a2d4851a1d" />
    <TestEntry testId="9866630d-9c2c-dcf5-56dd-4208e2ea71de" executionId="fcb9fa0a-34c7-4eda-bfb4-f5ed5a84658a" testListId="8c84fa94-04c1-424b-9868-57a2d4851a1d" />
    <TestEntry testId="688d193e-7902-1c09-7aa4-3b260dbdb251" executionId="68648883-4f5f-450a-a18f-fc4450bf6116" testListId="8c84fa94-04c1-424b-9868-57a2d4851a1d" />
    <TestEntry testId="16fba1d0-4f53-8e11-c2ce-095a81ea3add" executionId="2c6b6e06-7b8b-4bd5-a046-f1b64c95fcd1" testListId="8c84fa94-04c1-424b-9868-57a2d4851a1d" />
    <TestEntry testId="a1e5557b-7066-958f-a770-331e94176a32" executionId="6642ee57-1798-49c7-8fe6-7758a0cff60a" testListId="8c84fa94-04c1-424b-9868-57a2d4851a1d" />
    <TestEntry testId="4d72aeec-7af3-c25a-e736-22a377331768" executionId="9f25d302-1bb1-410d-80fa-36eafd4caa41" testListId="8c84fa94-04c1-424b-9868-57a2d4851a1d" />
    <TestEntry testId="9b78a859-da4c-8fac-ebda-44babb5fcedd" executionId="cf034fc3-1b15-40ad-ab34-b90711428be4" testListId="8c84fa94-04c1-424b-9868-57a2d4851a1d" />
    <TestEntry testId="5fc81df9-8db7-1013-c076-aedf9642d805" executionId="c686eb0b-a1e1-4c15-b084-724e3da2facf" testListId="8c84fa94-04c1-424b-9868-57a2d4851a1d" />
    <TestEntry testId="fef91df4-6607-d50a-5878-41158b1ac9e7" executionId="36a83bc8-56be-4032-833d-86565b59fa5e" testListId="8c84fa94-04c1-424b-9868-57a2d4851a1d" />
    <TestEntry testId="ed5d126e-e1b8-f9b3-21ee-ce63f8d8f350" executionId="c7638d16-5954-46ec-b5c4-8a07ff4b2255" testListId="8c84fa94-04c1-424b-9868-57a2d4851a1d" />
    <TestEntry testId="b3f5556f-0398-40eb-42d1-6a0a90c13c25" executionId="125cd7c7-4ce3-470f-9445-4cfb7dd151f0" testListId="8c84fa94-04c1-424b-9868-57a2d4851a1d" />
    <TestEntry testId="d2788561-ebce-1465-ab02-845c9af495c7" executionId="803eac5d-abb3-4613-9e02-fe82d8c87b66" testListId="8c84fa94-04c1-424b-9868-57a2d4851a1d" />
    <TestEntry testId="7148c1dc-3552-f59c-a90c-bcbdbf8ab7c0" executionId="9721f2e2-325f-4885-9b57-0832f803a87f" testListId="8c84fa94-04c1-424b-9868-57a2d4851a1d" />
    <TestEntry testId="0d22cabd-b70d-7d20-b0e0-9011497ae78f" executionId="591d2dc3-7738-46b4-a819-3e2032767420" testListId="8c84fa94-04c1-424b-9868-57a2d4851a1d" />
  </TestEntries>
  <TestLists>
    <TestList name="Les résultats ne figurent pas dans une liste" id="8c84fa94-04c1-424b-9868-57a2d4851a1d" />
    <TestList name="Tous les résultats chargés" id="19431567-8539-422a-85d7-44ee4e166bda" />
  </TestLists>
  <ResultSummary outcome="Completed">
    <Counters total="28" executed="28" passed="28" failed="0" error="0" timeout="0" aborted="0" inconclusive="0" passedButRunAborted="0" notRunnable="0" notExecuted="0" disconnected="0" warning="0" completed="0" inProgress="0" pending="0" />
    <Output>
      <StdOut>[xUnit.net 00:00:00.00] xUnit.net VSTest Adapter v2.8.2+699d445a1a (64-bit .NET 9.0.14)&#xD;
[xUnit.net 00:00:00.09]   Discovering: TheEnd.Tests&#xD;
[xUnit.net 00:00:00.41]   Discovered:  TheEnd.Tests&#xD;
[xUnit.net 00:00:00.41]   Starting:    TheEnd.Tests&#xD;
[xUnit.net 00:00:00.55]   Finished:    TheEnd.Tests&#xD;
</StdOut>
    </Output>
  </ResultSummary>
</TestRun>